Component: ARM Compiler 5.06 update 4 (build 422) Tool: armlink [4d35d2]

==============================================================================

Section Cross References

    startup_stm32f10x_hd.o(RESET) refers to startup_stm32f10x_hd.o(STACK) for __initial_sp
    startup_stm32f10x_hd.o(RESET) refers to startup_stm32f10x_hd.o(.text) for Reset_Handler
    startup_stm32f10x_hd.o(RESET) refers to stm32f10x_it.o(i.NMI_Handler) for NMI_Handler
    startup_stm32f10x_hd.o(RESET) refers to stm32f10x_it.o(i.HardFault_Handler) for HardFault_Handler
    startup_stm32f10x_hd.o(RESET) refers to stm32f10x_it.o(i.MemManage_Handler) for MemManage_Handler
    startup_stm32f10x_hd.o(RESET) refers to stm32f10x_it.o(i.BusFault_Handler) for BusFault_Handler
    startup_stm32f10x_hd.o(RESET) refers to stm32f10x_it.o(i.UsageFault_Handler) for UsageFault_Handler
    startup_stm32f10x_hd.o(RESET) refers to stm32f10x_it.o(i.SVC_Handler) for SVC_Handler
    startup_stm32f10x_hd.o(RESET) refers to stm32f10x_it.o(i.DebugMon_Handler) for DebugMon_Handler
    startup_stm32f10x_hd.o(RESET) refers to os_cpu_a.o(.text) for PendSV_Handler
    startup_stm32f10x_hd.o(RESET) refers to stm32f10x_it.o(i.SysTick_Handler) for SysTick_Handler
    startup_stm32f10x_hd.o(RESET) refers to stm32f10x_it.o(i.EXTI15_10_IRQHandler) for EXTI15_10_IRQHandler
    startup_stm32f10x_hd.o(RESET) refers to stm32f10x_it.o(i.TIM7_IRQHandler) for TIM7_IRQHandler
    startup_stm32f10x_hd.o(.text) refers to system_stm32f10x.o(i.SystemInit) for SystemInit
    startup_stm32f10x_hd.o(.text) refers to entry.o(.ARM.Collect$$$$00000000) for __main
    main.o(i.Encode_Task) refers to oled.o(i.OLED_ShowStr) for OLED_ShowStr
    main.o(i.Encode_Task) refers to os_time.o(i.OSTimeDlyHMSM) for OSTimeDlyHMSM
    main.o(i.Encode_Task) refers to oled.o(i.OLED_CLS) for OLED_CLS
    main.o(i.Encode_Task) refers to oled.o(i.OLED_Fill) for OLED_Fill
    main.o(i.Encode_Task) refers to oled.o(i.OLED_DrawBMP) for OLED_DrawBMP
    main.o(i.Encode_Task) refers to oled.o(.data) for BMP2
    main.o(i.Init_All) refers to bsp_usart.o(i.USART__Init) for USART__Init
    main.o(i.Init_All) refers to bsp_key.o(i.KEY_Init) for KEY_Init
    main.o(i.Init_All) refers to oled.o(i.OLED_Init) for OLED_Init
    main.o(i.Init_All) refers to nrf.o(i.NRF_IO_Init) for NRF_IO_Init
    main.o(i.Init_All) refers to nrf.o(i.Check_NRF) for Check_NRF
    main.o(i.key1_task) refers to nrf.o(i.RX_Mode_Config) for RX_Mode_Config
    main.o(i.key1_task) refers to nrf.o(i.SPI_Read) for SPI_Read
    main.o(i.key1_task) refers to nrf.o(i.SPI_WR_Reg) for SPI_WR_Reg
    main.o(i.key1_task) refers to printf5.o(i.__0printf$5) for __2printf
    main.o(i.key1_task) refers to nrf.o(i.L01_ClearIRQ) for L01_ClearIRQ
    main.o(i.key1_task) refers to nrf.o(i.SPI_Read_Buf) for SPI_Read_Buf
    main.o(i.key1_task) refers to nrf.o(i.TryMode_Change) for TryMode_Change
    main.o(i.led0_task) refers to os_time.o(i.OSTimeDlyHMSM) for OSTimeDlyHMSM
    main.o(i.led1_task) refers to os_time.o(i.OSTimeDlyHMSM) for OSTimeDlyHMSM
    main.o(i.main) refers to misc.o(i.NVIC_PriorityGroupConfig) for NVIC_PriorityGroupConfig
    main.o(i.main) refers to os_core.o(i.OSInit) for OSInit
    main.o(i.main) refers to os_task.o(i.OSTaskCreate) for OSTaskCreate
    main.o(i.main) refers to os_core.o(i.OSStart) for OSStart
    main.o(i.main) refers to main.o(.bss) for START_TASK_STK
    main.o(i.main) refers to main.o(i.start_task) for start_task
    main.o(i.start_task) refers to os_cpu_a.o(.text) for OS_CPU_SR_Save
    main.o(i.start_task) refers to main.o(i.Init_All) for Init_All
    main.o(i.start_task) refers to systick.o(i.Systick_initial) for Systick_initial
    main.o(i.start_task) refers to os_core.o(i.OSStatInit) for OSStatInit
    main.o(i.start_task) refers to os_task.o(i.OSTaskCreate) for OSTaskCreate
    main.o(i.start_task) refers to os_task.o(i.OSTaskDel) for OSTaskDel
    main.o(i.start_task) refers to main.o(.bss) for LED0_TASK_STK
    main.o(i.start_task) refers to main.o(i.led0_task) for led0_task
    main.o(i.start_task) refers to main.o(i.led1_task) for led1_task
    main.o(i.start_task) refers to main.o(i.key1_task) for key1_task
    main.o(i.start_task) refers to main.o(i.Encode_Task) for Encode_Task
    stm32f10x_it.o(i.EXTI15_10_IRQHandler) refers to os_cpu_a.o(.text) for OS_CPU_SR_Save
    stm32f10x_it.o(i.EXTI15_10_IRQHandler) refers to printf5.o(i.__0printf$5) for __2printf
    stm32f10x_it.o(i.EXTI15_10_IRQHandler) refers to stm32f10x_exti.o(i.EXTI_GetITStatus) for EXTI_GetITStatus
    stm32f10x_it.o(i.EXTI15_10_IRQHandler) refers to bsp_tim_pwm.o(i.motorA_PWM_CTR) for motorA_PWM_CTR
    stm32f10x_it.o(i.EXTI15_10_IRQHandler) refers to bsp_tim_pwm.o(i.motorB_PWM_CTR) for motorB_PWM_CTR
    stm32f10x_it.o(i.EXTI15_10_IRQHandler) refers to stm32f10x_gpio.o(i.GPIO_SetBits) for GPIO_SetBits
    stm32f10x_it.o(i.EXTI15_10_IRQHandler) refers to stm32f10x_gpio.o(i.GPIO_ResetBits) for GPIO_ResetBits
[...]
    Removing stm32f10x_rcc.o(i.RCC_GetSYSCLKSource), (16 bytes).
    Removing stm32f10x_rcc.o(i.RCC_HCLKConfig), (24 bytes).
    Removing stm32f10x_rcc.o(i.RCC_HSEConfig), (76 bytes).
    Removing stm32f10x_rcc.o(i.RCC_HSICmd), (12 bytes).
    Removing stm32f10x_rcc.o(i.RCC_ITConfig), (32 bytes).
    Removing stm32f10x_rcc.o(i.RCC_LSEConfig), (52 bytes).
    Removing stm32f10x_rcc.o(i.RCC_LSICmd), (12 bytes).
    Removing stm32f10x_rcc.o(i.RCC_MCOConfig), (12 bytes).
    Removing stm32f10x_rcc.o(i.RCC_PCLK1Config), (24 bytes).
    Removing stm32f10x_rcc.o(i.RCC_PCLK2Config), (24 bytes).
    Removing stm32f10x_rcc.o(i.RCC_PLLCmd), (12 bytes).
    Removing stm32f10x_rcc.o(i.RCC_PLLConfig), (28 bytes).
    Removing stm32f10x_rcc.o(i.RCC_RTCCLKCmd), (12 bytes).
    Removing stm32f10x_rcc.o(i.RCC_RTCCLKConfig), (16 bytes).
    Removing stm32f10x_rcc.o(i.RCC_SYSCLKConfig), (24 bytes).
    Removing stm32f10x_rcc.o(i.RCC_USBCLKConfig), (12 bytes).
    Removing stm32f10x_rcc.o(i.RCC_WaitForHSEStartUp), (56 bytes).
    Removing stm32f10x_rtc.o(i.RTC_ClearFlag), (16 bytes).
    Removing stm32f10x_rtc.o(i.RTC_ClearITPendingBit), (16 bytes).
    Removing stm32f10x_rtc.o(i.RTC_EnterConfigMode), (20 bytes).
    Removing stm32f10x_rtc.o(i.RTC_ExitConfigMode), (20 bytes).
    Removing stm32f10x_rtc.o(i.RTC_GetCounter), (20 bytes).
    Removing stm32f10x_rtc.o(i.RTC_GetDivider), (24 bytes).
    Removing stm32f10x_rtc.o(i.RTC_GetFlagStatus), (24 bytes).
    Removing stm32f10x_rtc.o(i.RTC_GetITStatus), (36 bytes).
    Removing stm32f10x_rtc.o(i.RTC_ITConfig), (32 bytes).
    Removing stm32f10x_rtc.o(i.RTC_SetAlarm), (28 bytes).
    Removing stm32f10x_rtc.o(i.RTC_SetCounter), (28 bytes).
    Removing stm32f10x_rtc.o(i.RTC_SetPrescaler), (32 bytes).
    Removing stm32f10x_rtc.o(i.RTC_WaitForLastTask), (20 bytes).
    Removing stm32f10x_rtc.o(i.RTC_WaitForSynchro), (36 bytes).
    Removing stm32f10x_sdio.o(i.SDIO_CEATAITCmd), (16 bytes).
    Removing stm32f10x_sdio.o(i.SDIO_ClearFlag), (12 bytes).
    Removing stm32f10x_sdio.o(i.SDIO_ClearITPendingBit), (12 bytes).
    Removing stm32f10x_sdio.o(i.SDIO_ClockCmd), (12 bytes).
    Removing stm32f10x_sdio.o(i.SDIO_CmdStructInit), (14 bytes).
    Removing stm32f10x_sdio.o(i.SDIO_CommandCompletionCmd), (12 bytes).
    Removing stm32f10x_sdio.o(i.SDIO_DMACmd), (12 bytes).
    Removing stm32f10x_sdio.o(i.SDIO_DataConfig), (48 bytes).
    Removing stm32f10x_sdio.o(i.SDIO_DataStructInit), (20 bytes).
    Removing stm32f10x_sdio.o(i.SDIO_DeInit), (36 bytes).
    Removing stm32f10x_sdio.o(i.SDIO_GetCommandResponse), (12 bytes).
    Removing stm32f10x_sdio.o(i.SDIO_GetDataCounter), (12 bytes).
    Removing stm32f10x_sdio.o(i.SDIO_GetFIFOCount), (12 bytes).
    Removing stm32f10x_sdio.o(i.SDIO_GetFlagStatus), (24 bytes).
    Removing stm32f10x_sdio.o(i.SDIO_GetITStatus), (24 bytes).
    Removing stm32f10x_sdio.o(i.SDIO_GetPowerState), (16 bytes).
    Removing stm32f10x_sdio.o(i.SDIO_GetResponse), (24 bytes).
    Removing stm32f10x_sdio.o(i.SDIO_ITConfig), (32 bytes).
    Removing stm32f10x_sdio.o(i.SDIO_Init), (48 bytes).
    Removing stm32f10x_sdio.o(i.SDIO_ReadData), (12 bytes).
    Removing stm32f10x_sdio.o(i.SDIO_SendCEATACmd), (12 bytes).
    Removing stm32f10x_sdio.o(i.SDIO_SendCommand), (44 bytes).
    Removing stm32f10x_sdio.o(i.SDIO_SendSDIOSuspendCmd), (12 bytes).
    Removing stm32f10x_sdio.o(i.SDIO_SetPowerState), (28 bytes).
    Removing stm32f10x_sdio.o(i.SDIO_SetSDIOOperation), (12 bytes).
    Removing stm32f10x_sdio.o(i.SDIO_SetSDIOReadWaitMode), (12 bytes).
    Removing stm32f10x_sdio.o(i.SDIO_StartSDIOReadWait), (12 bytes).
    Removing stm32f10x_sdio.o(i.SDIO_StopSDIOReadWait), (12 bytes).
    Removing stm32f10x_sdio.o(i.SDIO_StructInit), (16 bytes).
    Removing stm32f10x_sdio.o(i.SDIO_WriteData), (12 bytes).
    Removing stm32f10x_spi.o(i.I2S_Cmd), (24 bytes).
    Removing stm32f10x_spi.o(i.I2S_Init), (232 bytes).
    Removing stm32f10x_spi.o(i.I2S_StructInit), (20 bytes).
    Removing stm32f10x_spi.o(i.SPI_BiDirectionalLineConfig), (28 bytes).
    Removing stm32f10x_spi.o(i.SPI_CalculateCRC), (24 bytes).
    Removing stm32f10x_spi.o(i.SPI_DataSizeConfig), (18 bytes).
    Removing stm32f10x_spi.o(i.SPI_GetCRC), (16 bytes).
    Removing stm32f10x_spi.o(i.SPI_GetCRCPolynomial), (6 bytes).
    Removing stm32f10x_spi.o(i.SPI_I2S_ClearFlag), (6 bytes).
    Removing stm32f10x_spi.o(i.SPI_I2S_ClearITPendingBit), (20 bytes).
    Removing stm32f10x_spi.o(i.SPI_I2S_DMACmd), (18 bytes).
    Removing stm32f10x_spi.o(i.SPI_I2S_DeInit), (88 bytes).
    Removing stm32f10x_spi.o(i.SPI_I2S_GetITStatus), (52 bytes).
    Removing stm32f10x_spi.o(i.SPI_I2S_ITConfig), (32 bytes).
    Removing stm32f10x_spi.o(i.SPI_I2S_ReceiveData), (6 bytes).
    Removing stm32f10x_spi.o(i.SPI_NSSInternalSoftwareConfig), (30 bytes).
    Removing stm32f10x_spi.o(i.SPI_SSOutputCmd), (24 bytes).
    Removing stm32f10x_spi.o(i.SPI_StructInit), (24 bytes).
    Removing stm32f10x_spi.o(i.SPI_TransmitCRC), (10 bytes).
    Removing stm32f10x_tim.o(i.TI1_Config), (128 bytes).
    Removing stm32f10x_tim.o(i.TI2_Config), (152 bytes).
    Removing stm32f10x_tim.o(i.TI3_Config), (144 bytes).
    Removing stm32f10x_tim.o(i.TI4_Config), (152 bytes).
    Removing stm32f10x_tim.o(i.TIM_ARRPreloadConfig), (24 bytes).
    Removing stm32f10x_tim.o(i.TIM_BDTRConfig), (32 bytes).
    Removing stm32f10x_tim.o(i.TIM_BDTRStructInit), (18 bytes).
    Removing stm32f10x_tim.o(i.TIM_CCPreloadControl), (24 bytes).
    Removing stm32f10x_tim.o(i.TIM_CCxCmd), (30 bytes).
    Removing stm32f10x_tim.o(i.TIM_CCxNCmd), (30 bytes).
    Removing stm32f10x_tim.o(i.TIM_ClearITPendingBit), (6 bytes).
    Removing stm32f10x_tim.o(i.TIM_ClearOC1Ref), (18 bytes).
    Removing stm32f10x_tim.o(i.TIM_ClearOC2Ref), (24 bytes).
    Removing stm32f10x_tim.o(i.TIM_ClearOC3Ref), (18 bytes).
    Removing stm32f10x_tim.o(i.TIM_ClearOC4Ref), (24 bytes).
    Removing stm32f10x_tim.o(i.TIM_Cmd), (24 bytes).
    Removing stm32f10x_tim.o(i.TIM_CounterModeConfig), (18 bytes).
    Removing stm32f10x_tim.o(i.TIM_CtrlPWMOutputs), (30 bytes).
    Removing stm32f10x_tim.o(i.TIM_DMACmd), (18 bytes).
    Removing stm32f10x_tim.o(i.TIM_DMAConfig), (10 bytes).
    Removing stm32f10x_tim.o(i.TIM_DeInit), (488 bytes).
    Removing stm32f10x_tim.o(i.TIM_ETRClockMode1Config), (54 bytes).
    Removing stm32f10x_tim.o(i.TIM_ETRClockMode2Config), (32 bytes).
    Removing stm32f10x_tim.o(i.TIM_ETRConfig), (28 bytes).
    Removing stm32f10x_tim.o(i.TIM_EncoderInterfaceConfig), (66 bytes).
    Removing stm32f10x_tim.o(i.TIM_ForcedOC1Config), (18 bytes).
    Removing stm32f10x_tim.o(i.TIM_ForcedOC2Config), (26 bytes).
    Removing stm32f10x_tim.o(i.TIM_ForcedOC3Config), (18 bytes).
    Removing stm32f10x_tim.o(i.TIM_ForcedOC4Config), (26 bytes).
    Removing stm32f10x_tim.o(i.TIM_GenerateEvent), (4 bytes).
    Removing stm32f10x_tim.o(i.TIM_GetCapture1), (6 bytes).
    Removing stm32f10x_tim.o(i.TIM_GetCapture2), (6 bytes).
    Removing stm32f10x_tim.o(i.TIM_GetCapture3), (6 bytes).
    Removing stm32f10x_tim.o(i.TIM_GetCapture4), (8 bytes).
    Removing stm32f10x_tim.o(i.TIM_GetCounter), (6 bytes).
    Removing stm32f10x_tim.o(i.TIM_GetFlagStatus), (18 bytes).
    Removing stm32f10x_tim.o(i.TIM_GetITStatus), (34 bytes).
    Removing stm32f10x_tim.o(i.TIM_GetPrescaler), (6 bytes).
    Removing stm32f10x_tim.o(i.TIM_ICInit), (172 bytes).
    Removing stm32f10x_tim.o(i.TIM_ICStructInit), (18 bytes).
    Removing stm32f10x_tim.o(i.TIM_ITConfig), (18 bytes).
    Removing stm32f10x_tim.o(i.TIM_ITRxExternalClockConfig), (24 bytes).
    Removing stm32f10x_tim.o(i.TIM_InternalClockConfig), (12 bytes).
    Removing stm32f10x_tim.o(i.TIM_OC1FastConfig), (18 bytes).
    Removing stm32f10x_tim.o(i.TIM_OC1Init), (152 bytes).
    Removing stm32f10x_tim.o(i.TIM_OC1NPolarityConfig), (18 bytes).
    Removing stm32f10x_tim.o(i.TIM_OC1PolarityConfig), (18 bytes).
    Removing stm32f10x_tim.o(i.TIM_OC1PreloadConfig), (18 bytes).
    Removing stm32f10x_tim.o(i.TIM_OC2FastConfig), (26 bytes).
    Removing stm32f10x_tim.o(i.TIM_OC2Init), (164 bytes).
    Removing stm32f10x_tim.o(i.TIM_OC2NPolarityConfig), (26 bytes).
    Removing stm32f10x_tim.o(i.TIM_OC2PolarityConfig), (26 bytes).
    Removing stm32f10x_tim.o(i.TIM_OC2PreloadConfig), (26 bytes).
    Removing stm32f10x_tim.o(i.TIM_OC3FastConfig), (18 bytes).
    Removing stm32f10x_tim.o(i.TIM_OC3Init), (160 bytes).
    Removing stm32f10x_tim.o(i.TIM_OC3NPolarityConfig), (26 bytes).
    Removing stm32f10x_tim.o(i.TIM_OC3PolarityConfig), (26 bytes).
    Removing stm32f10x_tim.o(i.TIM_OC3PreloadConfig), (18 bytes).
    Removing stm32f10x_tim.o(i.TIM_OC4FastConfig), (26 bytes).
    Removing stm32f10x_tim.o(i.TIM_OC4Init), (124 bytes).
    Removing stm32f10x_tim.o(i.TIM_OC4PolarityConfig), (26 bytes).
    Removing stm32f10x_tim.o(i.TIM_OC4PreloadConfig), (26 bytes).
    Removing stm32f10x_tim.o(i.TIM_OCStructInit), (20 bytes).
    Removing stm32f10x_tim.o(i.TIM_PWMIConfig), (124 bytes).
    Removing stm32f10x_tim.o(i.TIM_PrescalerConfig), (6 bytes).
    Removing stm32f10x_tim.o(i.TIM_SelectCCDMA), (24 bytes).
    Removing stm32f10x_tim.o(i.TIM_SelectCOM), (24 bytes).
    Removing stm32f10x_tim.o(i.TIM_SelectHallSensor), (24 bytes).
    Removing stm32f10x_tim.o(i.TIM_SelectInputTrigger), (18 bytes).
    Removing stm32f10x_tim.o(i.TIM_SelectMasterSlaveMode), (18 bytes).
    Removing stm32f10x_tim.o(i.TIM_SelectOCxM), (82 bytes).
    Removing stm32f10x_tim.o(i.TIM_SelectOnePulseMode), (18 bytes).
    Removing stm32f10x_tim.o(i.TIM_SelectOutputTrigger), (18 bytes).
    Removing stm32f10x_tim.o(i.TIM_SelectSlaveMode), (18 bytes).
    Removing stm32f10x_tim.o(i.TIM_SetAutoreload), (4 bytes).
    Removing stm32f10x_tim.o(i.TIM_SetClockDivision), (18 bytes).
    Removing stm32f10x_tim.o(i.TIM_SetCompare1), (4 bytes).
    Removing stm32f10x_tim.o(i.TIM_SetCompare2), (4 bytes).
    Removing stm32f10x_tim.o(i.TIM_SetCompare3), (4 bytes).
    Removing stm32f10x_tim.o(i.TIM_SetCompare4), (6 bytes).
    Removing stm32f10x_tim.o(i.TIM_SetCounter), (4 bytes).
    Removing stm32f10x_tim.o(i.TIM_SetIC1Prescaler), (18 bytes).
    Removing stm32f10x_tim.o(i.TIM_SetIC2Prescaler), (26 bytes).
    Removing stm32f10x_tim.o(i.TIM_SetIC3Prescaler), (18 bytes).
    Removing stm32f10x_tim.o(i.TIM_SetIC4Prescaler), (26 bytes).
    Removing stm32f10x_tim.o(i.TIM_TIxExternalClockConfig), (62 bytes).
    Removing stm32f10x_tim.o(i.TIM_TimeBaseInit), (164 bytes).
    Removing stm32f10x_tim.o(i.TIM_TimeBaseStructInit), (18 bytes).
    Removing stm32f10x_tim.o(i.TIM_UpdateDisableConfig), (24 bytes).
    Removing stm32f10x_tim.o(i.TIM_UpdateRequestConfig), (24 bytes).
    Removing stm32f10x_usart.o(i.USART_ClearFlag), (18 bytes).
    Removing stm32f10x_usart.o(i.USART_ClearITPendingBit), (30 bytes).
    Removing stm32f10x_usart.o(i.USART_ClockInit), (34 bytes).
    Removing stm32f10x_usart.o(i.USART_ClockStructInit), (12 bytes).
    Removing stm32f10x_usart.o(i.USART_DMACmd), (18 bytes).
    Removing stm32f10x_usart.o(i.USART_DeInit), (156 bytes).
    Removing stm32f10x_usart.o(i.USART_GetITStatus), (84 bytes).
    Removing stm32f10x_usart.o(i.USART_HalfDuplexCmd), (24 bytes).
    Removing stm32f10x_usart.o(i.USART_ITConfig), (74 bytes).
    Removing stm32f10x_usart.o(i.USART_IrDACmd), (24 bytes).
    Removing stm32f10x_usart.o(i.USART_IrDAConfig), (18 bytes).
    Removing stm32f10x_usart.o(i.USART_LINBreakDetectLengthConfig), (18 bytes).
    Removing stm32f10x_usart.o(i.USART_LINCmd), (24 bytes).
    Removing stm32f10x_usart.o(i.USART_OneBitMethodCmd), (24 bytes).
    Removing stm32f10x_usart.o(i.USART_OverSampling8Cmd), (22 bytes).
    Removing stm32f10x_usart.o(i.USART_ReceiveData), (10 bytes).
    Removing stm32f10x_usart.o(i.USART_ReceiverWakeUpCmd), (24 bytes).
    Removing stm32f10x_usart.o(i.USART_SendBreak), (10 bytes).
    Removing stm32f10x_usart.o(i.USART_SetAddress), (18 bytes).
    Removing stm32f10x_usart.o(i.USART_SetGuardTime), (16 bytes).
    Removing stm32f10x_usart.o(i.USART_SetPrescaler), (16 bytes).
    Removing stm32f10x_usart.o(i.USART_SmartCardCmd), (24 bytes).
    Removing stm32f10x_usart.o(i.USART_SmartCardNACKCmd), (24 bytes).
    Removing stm32f10x_usart.o(i.USART_StructInit), (24 bytes).
    Removing stm32f10x_usart.o(i.USART_WakeUpConfig), (18 bytes).
    Removing os_core.o(i.OSSchedLock), (64 bytes).
    Removing os_core.o(i.OSSchedUnlock), (96 bytes).
    Removing os_core.o(i.OSVersion), (6 bytes).
    Removing os_core.o(i.OS_EventTaskRdy), (132 bytes).
    Removing os_core.o(i.OS_EventTaskWait), (124 bytes).
    Removing os_core.o(i.OS_EventWaitListInit), (28 bytes).
    Removing os_core.o(i.OS_MemCopy), (20 bytes).
    Removing os_core.o(i.OS_StrLen), (20 bytes).
    Removing os_flag.o(i.OSFlagAccept), (252 bytes).
    Removing os_flag.o(i.OSFlagCreate), (100 bytes).
    Removing os_flag.o(i.OSFlagDel), (228 bytes).
    Removing os_flag.o(i.OSFlagNameGet), (84 bytes).
    Removing os_flag.o(i.OSFlagNameSet), (72 bytes).
    Removing os_flag.o(i.OSFlagPend), (596 bytes).
    Removing os_flag.o(i.OSFlagPendGetFlagsRdy), (32 bytes).
    Removing os_flag.o(i.OSFlagPost), (312 bytes).
    Removing os_flag.o(i.OSFlagQuery), (48 bytes).
    Removing os_flag.o(i.OS_FlagBlock), (164 bytes).
    Removing os_flag.o(i.OS_FlagTaskRdy), (92 bytes).
    Removing os_mbox.o(i.OSMboxAccept), (38 bytes).
    Removing os_mbox.o(i.OSMboxCreate), (76 bytes).
    Removing os_mbox.o(i.OSMboxDel), (208 bytes).
    Removing os_mbox.o(i.OSMboxPend), (260 bytes).
    Removing os_mbox.o(i.OSMboxPendAbort), (128 bytes).
    Removing os_mbox.o(i.OSMboxPost), (80 bytes).
    Removing os_mbox.o(i.OSMboxPostOpt), (120 bytes).
    Removing os_mbox.o(i.OSMboxQuery), (76 bytes).
    Removing os_mutex.o(i.OSMutexAccept), (144 bytes).
    Removing os_mutex.o(i.OSMutexCreate), (148 bytes).
    Removing os_mutex.o(i.OSMutexDel), (280 bytes).
    Removing os_mutex.o(i.OSMutexPend), (568 bytes).
    Removing os_mutex.o(i.OSMutexPost), (200 bytes).
    Removing os_mutex.o(i.OSMutexQuery), (112 bytes).
    Removing os_mutex.o(i.OSMutex_RdyAtPrio), (132 bytes).
    Removing os_q.o(i.OSQAccept), (88 bytes).
    Removing os_q.o(i.OSQCreate), (152 bytes).
    Removing os_q.o(i.OSQDel), (248 bytes).
    Removing os_q.o(i.OSQFlush), (36 bytes).
    Removing os_q.o(i.OSQPend), (284 bytes).
    Removing os_q.o(i.OSQPendAbort), (128 bytes).
    Removing os_q.o(i.OSQPost), (114 bytes).
    Removing os_q.o(i.OSQPostFront), (116 bytes).
    Removing os_q.o(i.OSQPostOpt), (182 bytes).
    Removing os_q.o(i.OSQQuery), (98 bytes).
    Removing os_sem.o(i.OSSemAccept), (42 bytes).
    Removing os_sem.o(i.OSSemCreate), (76 bytes).
    Removing os_sem.o(i.OSSemDel), (208 bytes).
    Removing os_sem.o(i.OSSemPend), (236 bytes).
    Removing os_sem.o(i.OSSemPendAbort), (128 bytes).
    Removing os_sem.o(i.OSSemPost), (88 bytes).
    Removing os_sem.o(i.OSSemQuery), (76 bytes).
    Removing os_sem.o(i.OSSemSet), (66 bytes).
    Removing os_task.o(i.OSTaskChangePrio), (328 bytes).
    Removing os_task.o(i.OSTaskDelReq), (108 bytes).
    Removing os_task.o(i.OSTaskNameGet), (128 bytes).
    Removing os_task.o(i.OSTaskQuery), (92 bytes).
    Removing os_task.o(i.OSTaskRegGet), (68 bytes).
    Removing os_task.o(i.OSTaskRegSet), (72 bytes).
    Removing os_task.o(i.OSTaskResume), (172 bytes).
    Removing os_task.o(i.OS_TaskReturn), (24 bytes).
    Removing os_time.o(i.OSTimeDlyResume), (180 bytes).
    Removing os_time.o(i.OSTimeGet), (28 bytes).
    Removing os_time.o(i.OSTimeSet), (28 bytes).
    Removing os_cpu_c.o(i.OSTaskReturnHook), (2 bytes).
    Removing os_cpu_c.o(.data), (4 bytes).
    Removing dadd.o(.text), (334 bytes).
    Removing dmul.o(.text), (228 bytes).
    Removing ddiv.o(.text), (222 bytes).
    Removing dfixul.o(.text), (48 bytes).
    Removing cdrcmple.o(.text), (48 bytes).
    Removing depilogue.o(.text), (186 bytes).

548 unused section(s) (total 29879 bytes) removed from the image.

==============================================================================

Image Symbol Table

    Local Symbols

    Symbol Name                              Value     Ov Type        Size  Object(Section)

    ../clib/../cmprslib/lz77c.c              0x00000000   Number         0  __dclz77c.o ABSOLUTE
    ../clib/microlib/division.c              0x00000000   Number         0  uidiv.o ABSOLUTE
    ../clib/microlib/division.c              0x00000000   Number         0  uldiv.o ABSOLUTE
    ../clib/microlib/init/entry.s            0x00000000   Number         0  entry11b.o ABSOLUTE
    ../clib/microlib/init/entry.s            0x00000000   Number         0  entry11a.o ABSOLUTE
    ../clib/microlib/init/entry.s            0x00000000   Number         0  entry10b.o ABSOLUTE
    ../clib/microlib/init/entry.s            0x00000000   Number         0  entry10a.o ABSOLUTE
    ../clib/microlib/init/entry.s            0x00000000   Number         0  entry9a.o ABSOLUTE
    ../clib/microlib/init/entry.s            0x00000000   Number         0  entry.o ABSOLUTE
    ../clib/microlib/init/entry.s            0x00000000   Number         0  entry8a.o ABSOLUTE
    ../clib/microlib/init/entry.s            0x00000000   Number         0  entry7b.o ABSOLUTE
    ../clib/microlib/init/entry.s            0x00000000   Number         0  entry8b.o ABSOLUTE
    ../clib/microlib/init/entry.s            0x00000000   Number         0  entry7a.o ABSOLUTE
    ../clib/microlib/init/entry.s            0x00000000   Number         0  entry5.o ABSOLUTE
    ../clib/microlib/init/entry.s            0x00000000   Number         0  entry2.o ABSOLUTE
    ../clib/microlib/init/entry.s            0x00000000   Number         0  entry9b.o ABSOLUTE
    ../clib/microlib/longlong.c              0x00000000   Number         0  llsshr.o ABSOLUTE
    ../clib/microlib/longlong.c              0x00000000   Number         0  llushr.o ABSOLUTE
    ../clib/microlib/longlong.c              0x00000000   Number         0  llshl.o ABSOLUTE
    ../clib/microlib/printf/printf.c         0x00000000   Number         0  printf1.o ABSOLUTE
    ../clib/microlib/printf/printf.c         0x00000000   Number         0  printf5.o ABSOLUTE
    ../clib/microlib/printf/printf.c         0x00000000   Number         0  printfb.o ABSOLUTE
    ../clib/microlib/printf/printf.c         0x00000000   Number         0  printf0.o ABSOLUTE
    ../clib/microlib/printf/printf.c         0x00000000   Number         0  printf2.o ABSOLUTE
    ../clib/microlib/printf/printf.c         0x00000000   Number         0  printf3.o ABSOLUTE
    ../clib/microlib/printf/printf.c         0x00000000   Number         0  printf4.o ABSOLUTE
    ../clib/microlib/printf/printf.c         0x00000000   Number         0  printf6.o ABSOLUTE
    ../clib/microlib/printf/printf.c         0x00000000   Number         0  printf7.o ABSOLUTE
    ../clib/microlib/printf/printf.c         0x00000000   Number         0  printf8.o ABSOLUTE
    ../clib/microlib/printf/printf.c         0x00000000   Number         0  printfa.o ABSOLUTE
    ../clib/microlib/printf/stubs.s          0x00000000   Number         0  stubs.o ABSOLUTE
    ../clib/microlib/stdio/streams.c         0x00000000   Number         0  stdout.o ABSOLUTE
    ../clib/microlib/string/strcmp.c         0x00000000   Number         0  strcmp.o ABSOLUTE
    ../clib/microlib/stubs.s                 0x00000000   Number         0  iusefp.o ABSOLUTE
    ../fplib/microlib/fpadd.c                0x00000000   Number         0  dadd.o ABSOLUTE
    ../fplib/microlib/fpdiv.c                0x00000000   Number         0  ddiv.o ABSOLUTE
    ../fplib/microlib/fpepilogue.c           0x00000000   Number         0  depilogue.o ABSOLUTE
    ../fplib/microlib/fpfix.c                0x00000000   Number         0  dfixul.o ABSOLUTE
    ../fplib/microlib/fpmul.c                0x00000000   Number         0  dmul.o ABSOLUTE
    ..\APP\KEY\bsp_key.c                     0x00000000   Number         0  bsp_key.o ABSOLUTE
    ..\APP\LED\bsp_led.c                     0x00000000   Number         0  bsp_led.o ABSOLUTE
    ..\APP\Motor\bsp_motor.c                 0x00000000   Number         0  bsp_motor.o ABSOLUTE
    ..\APP\NRF\nrf.c                         0x00000000   Number         0  nrf.o ABSOLUTE
    ..\APP\OLED\oled.c                       0x00000000   Number         0  oled.o ABSOLUTE
    ..\APP\SPI\bsp_spi.c                     0x00000000   Number         0  bsp_spi.o ABSOLUTE
    ..\APP\TIM-ENCODE\bsp_tim_encode.c       0x00000000   Number         0  bsp_tim_encode.o ABSOLUTE
    ..\APP\TIM-PWM\bsp_tim_pwm.c             0x00000000   Number         0  bsp_tim_pwm.o ABSOLUTE
    ..\APP\USART\bsp_usart.c                 0x00000000   Number         0  bsp_usart.o ABSOLUTE
    ..\APP\main.c                            0x00000000   Number         0  main.o ABSOLUTE
    ..\APP\stm32f10x_it.c                    0x00000000   Number         0  stm32f10x_it.o ABSOLUTE
    ..\APP\system_stm32f10x.c                0x00000000   Number         0  system_stm32f10x.o ABSOLUTE
    ..\CORE\core_cm3.c                       0x00000000   Number         0  core_cm3.o ABSOLUTE
    ..\CORE\startup_stm32f10x_hd.s           0x00000000   Number         0  startup_stm32f10x_hd.o ABSOLUTE
    ..\HARDWARE\Systick\systick.c            0x00000000   Number         0  systick.o ABSOLUTE
    ..\STM32_Lib\src\misc.c                  0x00000000   Number         0  misc.o ABSOLUTE
    ..\STM32_Lib\src\stm32f10x_adc.c         0x00000000   Number         0  stm32f10x_adc.o ABSOLUTE
    ..\STM32_Lib\src\stm32f10x_bkp.c         0x00000000   Number         0  stm32f10x_bkp.o ABSOLUTE
    ..\STM32_Lib\src\stm32f10x_can.c         0x00000000   Number         0  stm32f10x_can.o ABSOLUTE
    ..\STM32_Lib\src\stm32f10x_cec.c         0x00000000   Number         0  stm32f10x_cec.o ABSOLUTE
    ..\STM32_Lib\src\stm32f10x_crc.c         0x00000000   Number         0  stm32f10x_crc.o ABSOLUTE
    ..\STM32_Lib\src\stm32f10x_dac.c         0x00000000   Number         0  stm32f10x_dac.o ABSOLUTE
    ..\STM32_Lib\src\stm32f10x_dbgmcu.c      0x00000000   Number         0  stm32f10x_dbgmcu.o ABSOLUTE
    ..\STM32_Lib\src\stm32f10x_dma.c         0x00000000   Number         0  stm32f10x_dma.o ABSOLUTE
    ..\STM32_Lib\src\stm32f10x_exti.c        0x00000000   Number         0  stm32f10x_exti.o ABSOLUTE
    ..\STM32_Lib\src\stm32f10x_flash.c       0x00000000   Number         0  stm32f10x_flash.o ABSOLUTE
    ..\STM32_Lib\src\stm32f10x_fsmc.c        0x00000000   Number         0  stm32f10x_fsmc.o ABSOLUTE
    ..\STM32_Lib\src\stm32f10x_gpio.c        0x00000000   Number         0  stm32f10x_gpio.o ABSOLUTE
    ..\STM32_Lib\src\stm32f10x_i2c.c         0x00000000   Number         0  stm32f10x_i2c.o ABSOLUTE
    ..\STM32_Lib\src\stm32f10x_iwdg.c        0x00000000   Number         0  stm32f10x_iwdg.o ABSOLUTE
    ..\STM32_Lib\src\stm32f10x_pwr.c         0x00000000   Number         0  stm32f10x_pwr.o ABSOLUTE
    ..\STM32_Lib\src\stm32f10x_rcc.c         0x00000000   Number         0  stm32f10x_rcc.o ABSOLUTE
    ..\STM32_Lib\src\stm32f10x_rtc.c         0x00000000   Number         0  stm32f10x_rtc.o ABSOLUTE
    ..\STM32_Lib\src\stm32f10x_sdio.c        0x00000000   Number         0  stm32f10x_sdio.o ABSOLUTE
    ..\STM32_Lib\src\stm32f10x_spi.c         0x00000000   Number         0  stm32f10x_spi.o ABSOLUTE
    ..\STM32_Lib\src\stm32f10x_tim.c         0x00000000   Number         0  stm32f10x_tim.o ABSOLUTE
    ..\STM32_Lib\src\stm32f10x_usart.c       0x00000000   Number         0  stm32f10x_usart.o ABSOLUTE
    ..\STM32_Lib\src\stm32f10x_wwdg.c        0x00000000   Number         0  stm32f10x_wwdg.o ABSOLUTE
    ..\UCOSII\CORE\os_core.c                 0x00000000   Number         0  os_core.o ABSOLUTE
    ..\UCOSII\CORE\os_flag.c                 0x00000000   Number         0  os_flag.o ABSOLUTE
    ..\UCOSII\CORE\os_mbox.c                 0x00000000   Number         0  os_mbox.o ABSOLUTE
    ..\UCOSII\CORE\os_mem.c                  0x00000000   Number         0  os_mem.o ABSOLUTE
    ..\UCOSII\CORE\os_mutex.c                0x00000000   Number         0  os_mutex.o ABSOLUTE
    ..\UCOSII\CORE\os_q.c                    0x00000000   Number         0  os_q.o ABSOLUTE
    ..\UCOSII\CORE\os_sem.c                  0x00000000   Number         0  os_sem.o ABSOLUTE
    ..\UCOSII\CORE\os_task.c                 0x00000000   Number         0  os_task.o ABSOLUTE
    ..\UCOSII\CORE\os_time.c                 0x00000000   Number         0  os_time.o ABSOLUTE
    ..\UCOSII\CORE\os_tmr.c                  0x00000000   Number         0  os_tmr.o ABSOLUTE
    ..\UCOSII\PORT\os_cpu_a.asm              0x00000000   Number         0  os_cpu_a.o ABSOLUTE
    ..\UCOSII\PORT\os_cpu_c.c                0x00000000   Number         0  os_cpu_c.o ABSOLUTE
    ..\\CORE\\core_cm3.c                     0x00000000   Number         0  core_cm3.o ABSOLUTE
    cdrcmple.s                               0x00000000   Number         0  cdrcmple.o ABSOLUTE
    dc.s                                     0x00000000   Number         0  dc.o ABSOLUTE
    handlers.s                               0x00000000   Number         0  handlers.o ABSOLUTE
    init.s                                   0x00000000   Number         0  init.o ABSOLUTE
    RESET                                    0x08000000   Section      304  startup_stm32f10x_hd.o(RESET)
    .ARM.Collect$$$$00000000                 0x08000130   Section        0  entry.o(.ARM.Collect$$$$00000000)
    .ARM.Collect$$$$00000001                 0x08000130   Section        4  entry2.o(.ARM.Collect$$$$00000001)
    .ARM.Collect$$$$00000004                 0x08000134   Section        4  entry5.o(.ARM.Collect$$$$00000004)
    .ARM.Collect$$$$00000008                 0x08000138   Section        0  entry7b.o(.ARM.Collect$$$$00000008)
    .ARM.Collect$$$$0000000A                 0x08000138   Section        0  entry8b.o(.ARM.Collect$$$$0000000A)
    .ARM.Collect$$$$0000000B                 0x08000138   Section        8  entry9a.o(.ARM.Collect$$$$0000000B)
    .ARM.Collect$$$$0000000D                 0x08000140   Section        0  entry10a.o(.ARM.Collect$$$$0000000D)
    .ARM.Collect$$$$0000000F                 0x08000140   Section        0  entry11a.o(.ARM.Collect$$$$0000000F)
    .ARM.Collect$$$$00002712                 0x08000140   Section        4  entry2.o(.ARM.Collect$$$$00002712)
    __lit__00000000                          0x08000140   Data           4  entry2.o(.ARM.Collect$$$$00002712)
    .text                                    0x08000144   Section       36  startup_stm32f10x_hd.o(.text)
    .text                                    0x08000168   Section      180  os_cpu_a.o(.text)
    .text                                    0x0800021c   Section        0  strcmp.o(.text)
    .text                                    0x08000238   Section        0  uldiv.o(.text)
    .text                                    0x0800029c   Section       36  init.o(.text)
    .text                                    0x080002c0   Section        0  llshl.o(.text)
    .text                                    0x080002de   Section        0  llushr.o(.text)
    .text                                    0x080002fe   Section        0  __dclz77c.o(.text)
    i.BusFault_Handler                       0x0800035c   Section        0  stm32f10x_it.o(i.BusFault_Handler)
    i.Check_NRF                              0x08000360   Section        0  nrf.o(i.Check_NRF)
    i.DebugMon_Handler                       0x080003f0   Section        0  stm32f10x_it.o(i.DebugMon_Handler)
    i.EXTI15_10_IRQHandler                   0x080003f4   Section        0  stm32f10x_it.o(i.EXTI15_10_IRQHandler)
    i.EXTI_ClearITPendingBit                 0x080004d0   Section        0  stm32f10x_exti.o(i.EXTI_ClearITPendingBit)
    i.EXTI_GetITStatus                       0x080004dc   Section        0  stm32f10x_exti.o(i.EXTI_GetITStatus)
    i.EXTI_Init                              0x08000504   Section        0  stm32f10x_exti.o(i.EXTI_Init)
    i.EXTI_KEY_Config                        0x08000598   Section        0  bsp_key.o(i.EXTI_KEY_Config)
    EXTI_KEY_Config                          0x08000599   Thumb Code    52  bsp_key.o(i.EXTI_KEY_Config)
    i.Encode_Task                            0x080005cc   Section        0  main.o(i.Encode_Task)
    i.GPIO_EXTILineConfig                    0x08000680   Section        0  stm32f10x_gpio.o(i.GPIO_EXTILineConfig)
    i.GPIO_Init                              0x080006c0   Section        0  stm32f10x_gpio.o(i.GPIO_Init)
    i.GPIO_ReadInputDataBit                  0x080007d6   Section        0  stm32f10x_gpio.o(i.GPIO_ReadInputDataBit)
    i.GPIO_ResetBits                         0x080007e8   Section        0  stm32f10x_gpio.o(i.GPIO_ResetBits)
    i.GPIO_SetBits                           0x080007ec   Section        0  stm32f10x_gpio.o(i.GPIO_SetBits)
    i.HardFault_Handler                      0x080007f0   Section        0  stm32f10x_it.o(i.HardFault_Handler)
    i.Init_All                               0x080007f4   Section        0  main.o(i.Init_All)
    i.KEY_GPIO_Config                        0x0800080c   Section        0  bsp_key.o(i.KEY_GPIO_Config)
    KEY_GPIO_Config                          0x0800080d   Thumb Code    66  bsp_key.o(i.KEY_GPIO_Config)
    i.KEY_Init                               0x08000854   Section        0  bsp_key.o(i.KEY_Init)
    i.L01_ClearIRQ                           0x08000864   Section        0  nrf.o(i.L01_ClearIRQ)
    i.MemManage_Handler                      0x08000894   Section        0  stm32f10x_it.o(i.MemManage_Handler)
    i.NMI_Handler                            0x08000898   Section        0  stm32f10x_it.o(i.NMI_Handler)
    i.NRF_IO_Init                            0x0800089c   Section        0  nrf.o(i.NRF_IO_Init)
    i.NRF_IRQ_CE_GPIO_Config                 0x080008e0   Section        0  bsp_spi.o(i.NRF_IRQ_CE_GPIO_Config)
    NRF_IRQ_CE_GPIO_Config                   0x080008e1   Thumb Code    66  bsp_spi.o(i.NRF_IRQ_CE_GPIO_Config)
    i.NVIC_EXTI_Config                       0x08000928   Section        0  bsp_key.o(i.NVIC_EXTI_Config)
    NVIC_EXTI_Config                         0x08000929   Thumb Code    42  bsp_key.o(i.NVIC_EXTI_Config)
    i.NVIC_Init                              0x08000954   Section        0  misc.o(i.NVIC_Init)
    i.NVIC_PriorityGroupConfig               0x080009c4   Section        0  misc.o(i.NVIC_PriorityGroupConfig)
    i.OLED_CLS                               0x080009d8   Section        0  oled.o(i.OLED_CLS)
    i.OLED_DrawBMP                           0x080009e2   Section        0  oled.o(i.OLED_DrawBMP)
    i.OLED_Fill                              0x08000a56   Section        0  oled.o(i.OLED_Fill)
    i.OLED_Init                              0x08000a90   Section        0  oled.o(i.OLED_Init)
    i.OLED_SetPos                            0x08000b80   Section        0  oled.o(i.OLED_SetPos)
    i.OLED_ShowStr                           0x08000ba8   Section        0  oled.o(i.OLED_ShowStr)
    i.OSInit                                 0x08000c94   Section        0  os_core.o(i.OSInit)
    i.OSInitHookBegin                        0x08000cc0   Section        0  os_cpu_c.o(i.OSInitHookBegin)
    i.OSInitHookEnd                          0x08000cc2   Section        0  os_cpu_c.o(i.OSInitHookEnd)
    i.OSIntEnter                             0x08000cc4   Section        0  os_core.o(i.OSIntEnter)
    i.OSIntExit                              0x08000ce8   Section        0  os_core.o(i.OSIntExit)
    i.OSStart                                0x08000d78   Section        0  os_core.o(i.OSStart)
    i.OSStatInit                             0x08000dc0   Section        0  os_core.o(i.OSStatInit)
    i.OSTCBInitHook                          0x08000e0c   Section        0  os_cpu_c.o(i.OSTCBInitHook)
    i.OSTaskCreate                           0x08000e10   Section        0  os_task.o(i.OSTaskCreate)
    i.OSTaskCreateExt                        0x08000eb0   Section        0  os_task.o(i.OSTaskCreateExt)
    i.OSTaskCreateHook                       0x08000f68   Section        0  os_cpu_c.o(i.OSTaskCreateHook)
    i.OSTaskDel                              0x08000f6c   Section        0  os_task.o(i.OSTaskDel)
    i.OSTaskDelHook                          0x080010c0   Section        0  os_cpu_c.o(i.OSTaskDelHook)
    i.OSTaskIdleHook                         0x080010c2   Section        0  os_cpu_c.o(i.OSTaskIdleHook)
    i.OSTaskNameSet                          0x080010c4   Section        0  os_task.o(i.OSTaskNameSet)
    i.OSTaskStatHook                         0x08001134   Section        0  os_cpu_c.o(i.OSTaskStatHook)
    i.OSTaskStkChk                           0x08001138   Section        0  os_task.o(i.OSTaskStkChk)
    i.OSTaskStkInit                          0x080011c4   Section        0  os_cpu_c.o(i.OSTaskStkInit)
    i.OSTaskSuspend                          0x08001260   Section        0  os_task.o(i.OSTaskSuspend)
    i.OSTaskSwHook                           0x08001308   Section        0  os_cpu_c.o(i.OSTaskSwHook)
    i.OSTimeDly                              0x0800130c   Section        0  os_time.o(i.OSTimeDly)
    i.OSTimeDlyHMSM                          0x08001384   Section        0  os_time.o(i.OSTimeDlyHMSM)
    i.OSTimeTick                             0x080013e4   Section        0  os_core.o(i.OSTimeTick)
    i.OSTimeTickHook                         0x080014d0   Section        0  os_cpu_c.o(i.OSTimeTickHook)
    i.OS_Dummy                               0x080014d2   Section        0  os_core.o(i.OS_Dummy)
    i.OS_EventTaskRemove                     0x080014d4   Section        0  os_core.o(i.OS_EventTaskRemove)
    i.OS_FlagInit                            0x08001500   Section        0  os_flag.o(i.OS_FlagInit)
    i.OS_FlagUnlink                          0x08001558   Section        0  os_flag.o(i.OS_FlagUnlink)
    i.OS_InitEventList                       0x0800157c   Section        0  os_core.o(i.OS_InitEventList)
    OS_InitEventList                         0x0800157d   Thumb Code    74  os_core.o(i.OS_InitEventList)
    i.OS_InitMisc                            0x080015d0   Section        0  os_core.o(i.OS_InitMisc)
    OS_InitMisc                              0x080015d1   Thumb Code    44  os_core.o(i.OS_InitMisc)
    i.OS_InitRdyList                         0x08001624   Section        0  os_core.o(i.OS_InitRdyList)
    OS_InitRdyList                           0x08001625   Thumb Code    44  os_core.o(i.OS_InitRdyList)
    i.OS_InitTCBList                         0x08001668   Section        0  os_core.o(i.OS_InitTCBList)
    OS_InitTCBList                           0x08001669   Thumb Code   106  os_core.o(i.OS_InitTCBList)
    i.OS_InitTaskIdle                        0x080016e8   Section        0  os_core.o(i.OS_InitTaskIdle)
    OS_InitTaskIdle                          0x080016e9   Thumb Code    50  os_core.o(i.OS_InitTaskIdle)
    i.OS_InitTaskStat                        0x08001738   Section        0  os_core.o(i.OS_InitTaskStat)
    OS_InitTaskStat                          0x08001739   Thumb Code    50  os_core.o(i.OS_InitTaskStat)
    i.OS_MemClr                              0x08001788   Section        0  os_core.o(i.OS_MemClr)
    i.OS_QInit                               0x0800179c   Section        0  os_q.o(i.OS_QInit)
    i.OS_Sched                               0x080017ec   Section        0  os_core.o(i.OS_Sched)
    i.OS_SchedNew                            0x08001860   Section        0  os_core.o(i.OS_SchedNew)
    OS_SchedNew                              0x08001861   Thumb Code    26  os_core.o(i.OS_SchedNew)
    i.OS_TCBInit                             0x0800188c   Section        0  os_core.o(i.OS_TCBInit)
    i.OS_TaskIdle                            0x080019c0   Section        0  os_core.o(i.OS_TaskIdle)
    i.OS_TaskStat                            0x080019e8   Section        0  os_core.o(i.OS_TaskStat)
    i.OS_TaskStatStkChk                      0x08001a70   Section        0  os_core.o(i.OS_TaskStatStkChk)
    i.OS_TaskStkClr                          0x08001aac   Section        0  os_task.o(i.OS_TaskStkClr)
    i.RCC_APB1PeriphClockCmd                 0x08001ac8   Section        0  stm32f10x_rcc.o(i.RCC_APB1PeriphClockCmd)
    i.RCC_APB2PeriphClockCmd                 0x08001ae8   Section        0  stm32f10x_rcc.o(i.RCC_APB2PeriphClockCmd)
    i.RCC_GetClocksFreq                      0x08001b08   Section        0  stm32f10x_rcc.o(i.RCC_GetClocksFreq)
    i.RX_Mode_Config                         0x08001bdc   Section        0  nrf.o(i.RX_Mode_Config)
    i.SPI1_GPIO_Config                       0x08001c3c   Section        0  bsp_spi.o(i.SPI1_GPIO_Config)
    SPI1_GPIO_Config                         0x08001c3d   Thumb Code    96  bsp_spi.o(i.SPI1_GPIO_Config)
    i.SPI2_GPIO_Config                       0x08001ca0   Section        0  bsp_spi.o(i.SPI2_GPIO_Config)
    SPI2_GPIO_Config                         0x08001ca1   Thumb Code   122  bsp_spi.o(i.SPI2_GPIO_Config)
    i.SPI2_Periphral_Config                  0x08001d24   Section        0  bsp_spi.o(i.SPI2_Periphral_Config)
    SPI2_Periphral_Config                    0x08001d25   Thumb Code    86  bsp_spi.o(i.SPI2_Periphral_Config)
    i.SPI_Cmd                                0x08001d80   Section        0  stm32f10x_spi.o(i.SPI_Cmd)
    i.SPI_I2S_GetFlagStatus                  0x08001d98   Section        0  stm32f10x_spi.o(i.SPI_I2S_GetFlagStatus)
    i.SPI_I2S_SendData                       0x08001daa   Section        0  stm32f10x_spi.o(i.SPI_I2S_SendData)
    i.SPI_Init                               0x08001dae   Section        0  stm32f10x_spi.o(i.SPI_Init)
    i.SPI_OLED_WriteByte                     0x08001dec   Section        0  bsp_spi.o(i.SPI_OLED_WriteByte)
    SPI_OLED_WriteByte                       0x08001ded   Thumb Code    60  bsp_spi.o(i.SPI_OLED_WriteByte)
    i.SPI_RW                                 0x08001e30   Section        0  nrf.o(i.SPI_RW)
    SPI_RW                                   0x08001e31   Thumb Code    74  nrf.o(i.SPI_RW)
    i.SPI_Read                               0x08001e80   Section        0  nrf.o(i.SPI_Read)
    i.SPI_Read_Buf                           0x08001eac   Section        0  nrf.o(i.SPI_Read_Buf)
    i.SPI_WR_Reg                             0x08001eec   Section        0  nrf.o(i.SPI_WR_Reg)
    i.SPI_Write_Buf                          0x08001f18   Section        0  nrf.o(i.SPI_Write_Buf)
    i.SVC_Handler                            0x08001f58   Section        0  stm32f10x_it.o(i.SVC_Handler)
    i.SetSysClock                            0x08001f5a   Section        0  system_stm32f10x.o(i.SetSysClock)
    SetSysClock                              0x08001f5b   Thumb Code     8  system_stm32f10x.o(i.SetSysClock)
    i.SetSysClockTo72                        0x08001f64   Section        0  system_stm32f10x.o(i.SetSysClockTo72)
    SetSysClockTo72                          0x08001f65   Thumb Code   214  system_stm32f10x.o(i.SetSysClockTo72)
    i.Speed_Calculate                        0x08002044   Section        0  bsp_tim_encode.o(i.Speed_Calculate)
    i.SysTick_CLKSourceConfig                0x08002130   Section        0  misc.o(i.SysTick_CLKSourceConfig)
    i.SysTick_Handler                        0x08002158   Section        0  stm32f10x_it.o(i.SysTick_Handler)
    i.SystemInit                             0x08002174   Section        0  system_stm32f10x.o(i.SystemInit)
    i.Systick_initial                        0x080021d4   Section        0  systick.o(i.Systick_initial)
    i.TIM7_IRQHandler                        0x0800223c   Section        0  stm32f10x_it.o(i.TIM7_IRQHandler)
    i.TIM_ClearFlag                          0x08002270   Section        0  stm32f10x_tim.o(i.TIM_ClearFlag)
    i.TX_Mode_Config                         0x08002278   Section        0  nrf.o(i.TX_Mode_Config)
    i.TryMode_Change                         0x080022f8   Section        0  nrf.o(i.TryMode_Change)
    i.USART_Cmd                              0x0800242c   Section        0  stm32f10x_usart.o(i.USART_Cmd)
    i.USART_GPIO_Config                      0x08002444   Section        0  bsp_usart.o(i.USART_GPIO_Config)
    USART_GPIO_Config                        0x08002445   Thumb Code    66  bsp_usart.o(i.USART_GPIO_Config)
    i.USART_GetFlagStatus                    0x0800248c   Section        0  stm32f10x_usart.o(i.USART_GetFlagStatus)
    i.USART_Hardware_Config                  0x080024a8   Section        0  bsp_usart.o(i.USART_Hardware_Config)
    USART_Hardware_Config                    0x080024a9   Thumb Code    60  bsp_usart.o(i.USART_Hardware_Config)
    i.USART_Init                             0x080024e8   Section        0  stm32f10x_usart.o(i.USART_Init)
    i.USART_SendData                         0x080025c0   Section        0  stm32f10x_usart.o(i.USART_SendData)
    i.USART__Init                            0x080025c8   Section        0  bsp_usart.o(i.USART__Init)
    i.UsageFault_Handler                     0x080025d4   Section        0  stm32f10x_it.o(i.UsageFault_Handler)
    i.WriteCmd                               0x080025d8   Section        0  bsp_spi.o(i.WriteCmd)
    i.WriteDat                               0x080025e6   Section        0  bsp_spi.o(i.WriteDat)
    i.__0printf$5                            0x080025f4   Section        0  printf5.o(i.__0printf$5)
    i.__scatterload_copy                     0x08002614   Section       14  handlers.o(i.__scatterload_copy)
    i.__scatterload_null                     0x08002622   Section        2  handlers.o(i.__scatterload_null)
    i.__scatterload_zeroinit                 0x08002624   Section       14  handlers.o(i.__scatterload_zeroinit)
    i._printf_core                           0x08002634   Section        0  printf5.o(i._printf_core)
    _printf_core                             0x08002635   Thumb Code   658  printf5.o(i._printf_core)
    i.fputc                                  0x080028f4   Section        0  bsp_usart.o(i.fputc)
    i.key1_task                              0x08002918   Section        0  main.o(i.key1_task)
    i.led0_task                              0x08002ad8   Section        0  main.o(i.led0_task)
    i.led1_task                              0x08002b08   Section        0  main.o(i.led1_task)
    i.main                                   0x08002b3c   Section        0  main.o(i.main)
    i.motorA_PWM_CTR                         0x08002b68   Section        0  bsp_tim_pwm.o(i.motorA_PWM_CTR)
    i.motorB_PWM_CTR                         0x08002b7c   Section        0  bsp_tim_pwm.o(i.motorB_PWM_CTR)
    i.start_task                             0x08002b90   Section        0  main.o(i.start_task)
    i.xSPI_Init                              0x08002c08   Section        0  bsp_spi.o(i.xSPI_Init)
    .constdata                               0x08002c1c   Section     2072  oled.o(.constdata)
    .constdata                               0x08003434   Section      256  os_core.o(.constdata)
    .data                                    0x20000000   Section        4  stm32f10x_it.o(.data)
    cnt                                      0x20000000   Data           4  stm32f10x_it.o(.data)
    .data                                    0x20000004   Section       16  bsp_tim_encode.o(.data)
    cntB                                     0x2000000c   Data           4  bsp_tim_encode.o(.data)
    cntA                                     0x20000010   Data           4  bsp_tim_encode.o(.data)
    .data                                    0x20000014   Section     2176  oled.o(.data)
    .data                                    0x20000894   Section        5  nrf.o(.data)
    TX_ADDRESS                               0x20000894   Data           5  nrf.o(.data)
    .data                                    0x20000899   Section       20  stm32f10x_rcc.o(.data)
    APBAHBPrescTable                         0x20000899   Data          16  stm32f10x_rcc.o(.data)
    ADCPrescTable                            0x200008a9   Data           4  stm32f10x_rcc.o(.data)
    .data                                    0x200008b0   Section       72  os_core.o(.data)
    .data                                    0x200008f8   Section        4  stdout.o(.data)
    .bss                                     0x200008fc   Section     2560  main.o(.bss)
    .bss                                     0x200012fc   Section     2688  os_core.o(.bss)
    STACK                                    0x20001d80   Section     2048  startup_stm32f10x_hd.o(STACK)

    Global Symbols

    Symbol Name                              Value     Ov Type        Size  Object(Section)

    BuildAttributes$$THM_ISAv4$P$D$K$B$S$PE$A:L22UL41UL21$X:L11$S22US41US21$IEEE1$IW$USESV6$~STKCKD$USESV7$~SHL$OSPACE$ROPI$EBA8$MICROLIB$REQ8$PRES8$EABIv2 0x00000000   Number         0  anon$$obj.o ABSOLUTE
    __ARM_use_no_argv                        0x00000000   Number         0  main.o ABSOLUTE
    _printf_a                                0x00000000   Number         0  stubs.o ABSOLUTE
    _printf_c                                0x00000000   Number         0  stubs.o ABSOLUTE
    _printf_charcount                        0x00000000   Number         0  stubs.o ABSOLUTE
    _printf_d                                0x00000000   Number         0  stubs.o ABSOLUTE
    _printf_e                                0x00000000   Number         0  stubs.o ABSOLUTE
    _printf_f                                0x00000000   Number         0  stubs.o ABSOLUTE
    _printf_flags                            0x00000000   Number         0  stubs.o ABSOLUTE
    _printf_fp_dec                           0x00000000   Number         0  stubs.o ABSOLUTE
    _printf_fp_hex                           0x00000000   Number         0  stubs.o ABSOLUTE
    _printf_g                                0x00000000   Number         0  stubs.o ABSOLUTE
    _printf_i                                0x00000000   Number         0  stubs.o ABSOLUTE
    _printf_int_dec                          0x00000000   Number         0  stubs.o ABSOLUTE
    _printf_l                                0x00000000   Number         0  stubs.o ABSOLUTE
    _printf_lc                               0x00000000   Number         0  stubs.o ABSOLUTE
    _printf_ll                               0x00000000   Number         0  stubs.o ABSOLUTE
    _printf_lld                              0x00000000   Number         0  stubs.o ABSOLUTE
    _printf_lli                              0x00000000   Number         0  stubs.o ABSOLUTE
    _printf_llo                              0x00000000   Number         0  stubs.o ABSOLUTE
    _printf_llu                              0x00000000   Number         0  stubs.o ABSOLUTE
    _printf_llx                              0x00000000   Number         0  stubs.o ABSOLUTE
    _printf_longlong_dec                     0x00000000   Number         0  stubs.o ABSOLUTE
    _printf_longlong_hex                     0x00000000   Number         0  stubs.o ABSOLUTE
    _printf_longlong_oct                     0x00000000   Number         0  stubs.o ABSOLUTE
    _printf_ls                               0x00000000   Number         0  stubs.o ABSOLUTE
    _printf_mbtowc                           0x00000000   Number         0  stubs.o ABSOLUTE
    _printf_n                                0x00000000   Number         0  stubs.o ABSOLUTE
    _printf_o                                0x00000000   Number         0  stubs.o ABSOLUTE
    _printf_p                                0x00000000   Number         0  stubs.o ABSOLUTE
    _printf_percent                          0x00000000   Number         0  stubs.o ABSOLUTE
    _printf_pre_padding                      0x00000000   Number         0  stubs.o ABSOLUTE
    _printf_return_value                     0x00000000   Number         0  stubs.o ABSOLUTE
    _printf_s                                0x00000000   Number         0  stubs.o ABSOLUTE
    _printf_sizespec                         0x00000000   Number         0  stubs.o ABSOLUTE
    _printf_str                              0x00000000   Number         0  stubs.o ABSOLUTE
    _printf_truncate_signed                  0x00000000   Number         0  stubs.o ABSOLUTE
    _printf_truncate_unsigned                0x00000000   Number         0  stubs.o ABSOLUTE
    _printf_u                                0x00000000   Number         0  stubs.o ABSOLUTE
    _printf_wc                               0x00000000   Number         0  stubs.o ABSOLUTE
    _printf_wctomb                           0x00000000   Number         0  stubs.o ABSOLUTE
    _printf_widthprec                        0x00000000   Number         0  stubs.o ABSOLUTE
    _printf_x                                0x00000000   Number         0  stubs.o ABSOLUTE
    __cpp_initialize__aeabi_                  - Undefined Weak Reference
    __cxa_finalize                            - Undefined Weak Reference
    _clock_init                               - Undefined Weak Reference
    _microlib_exit                            - Undefined Weak Reference
    __Vectors_Size                           0x00000130   Number         0  startup_stm32f10x_hd.o ABSOLUTE
    __Vectors                                0x08000000   Data           4  startup_stm32f10x_hd.o(RESET)
    __Vectors_End                            0x08000130   Data           0  startup_stm32f10x_hd.o(RESET)
    __main                                   0x08000131   Thumb Code     0  entry.o(.ARM.Collect$$$$00000000)
    _main_stk                                0x08000131   Thumb Code     0  entry2.o(.ARM.Collect$$$$00000001)
    _main_scatterload                        0x08000135   Thumb Code     0  entry5.o(.ARM.Collect$$$$00000004)
    __main_after_scatterload                 0x08000139   Thumb Code     0  entry5.o(.ARM.Collect$$$$00000004)
    _main_clock                              0x08000139   Thumb Code     0  entry7b.o(.ARM.Collect$$$$00000008)
    _main_cpp_init                           0x08000139   Thumb Code     0  entry8b.o(.ARM.Collect$$$$0000000A)
    _main_init                               0x08000139   Thumb Code     0  entry9a.o(.ARM.Collect$$$$0000000B)
    __rt_final_cpp                           0x08000141   Thumb Code     0  entry10a.o(.ARM.Collect$$$$0000000D)
    __rt_final_exit                          0x08000141   Thumb Code     0  entry11a.o(.ARM.Collect$$$$0000000F)
    Reset_Handler                            0x08000145   Thumb Code     8  startup_stm32f10x_hd.o(.text)
    ADC1_2_IRQHandler                        0x0800015f   Thumb Code     0  startup_stm32f10x_hd.o(.text)
    ADC3_IRQHandler                          0x0800015f   Thumb Code     0  startup_stm32f10x_hd.o(.text)
    CAN1_RX1_IRQHandler                      0x0800015f   Thumb Code     0  startup_stm32f10x_hd.o(.text)
    CAN1_SCE_IRQHandler                      0x0800015f   Thumb Code     0  startup_stm32f10x_hd.o(.text)
    DMA1_Channel1_IRQHandler                 0x0800015f   Thumb Code     0  startup_stm32f10x_hd.o(.text)
    DMA1_Channel2_IRQHandler                 0x0800015f   Thumb Code     0  startup_stm32f10x_hd.o(.text)
    DMA1_Channel3_IRQHandler                 0x0800015f   Thumb Code     0  startup_stm32f10x_hd.o(.text)
    DMA1_Channel4_IRQHandler                 0x0800015f   Thumb Code     0  startup_stm32f10x_hd.o(.text)
    DMA1_Channel5_IRQHandler                 0x0800015f   Thumb Code     0  startup_stm32f10x_hd.o(.text)
    DMA1_Channel6_IRQHandler                 0x0800015f   Thumb Code     0  startup_stm32f10x_hd.o(.text)
    DMA1_Channel7_IRQHandler                 0x0800015f   Thumb Code     0  startup_stm32f10x_hd.o(.text)
    DMA2_Channel1_IRQHandler                 0x0800015f   Thumb Code     0  startup_stm32f10x_hd.o(.text)
    DMA2_Channel2_IRQHandler                 0x0800015f   Thumb Code     0  startup_stm32f10x_hd.o(.text)
    DMA2_Channel3_IRQHandler                 0x0800015f   Thumb Code     0  startup_stm32f10x_hd.o(.text)
    DMA2_Channel4_5_IRQHandler               0x0800015f   Thumb Code     0  startup_stm32f10x_hd.o(.text)
    EXTI0_IRQHandler                         0x0800015f   Thumb Code     0  startup_stm32f10x_hd.o(.text)
    EXTI1_IRQHandler                         0x0800015f   Thumb Code     0  startup_stm32f10x_hd.o(.text)
    EXTI2_IRQHandler                         0x0800015f   Thumb Code     0  startup_stm32f10x_hd.o(.text)
    EXTI3_IRQHandler                         0x0800015f   Thumb Code     0  startup_stm32f10x_hd.o(.text)
    EXTI4_IRQHandler                         0x0800015f   Thumb Code     0  startup_stm32f10x_hd.o(.text)
    EXTI9_5_IRQHandler                       0x0800015f   Thumb Code     0  startup_stm32f10x_hd.o(.text)
    FLASH_IRQHandler                         0x0800015f   Thumb Code     0  startup_stm32f10x_hd.o(.text)
    FSMC_IRQHandler                          0x0800015f   Thumb Code     0  startup_stm32f10x_hd.o(.text)
    I2C1_ER_IRQHandler                       0x0800015f   Thumb Code     0  startup_stm32f10x_hd.o(.text)
    I2C1_EV_IRQHandler                       0x0800015f   Thumb Code     0  startup_stm32f10x_hd.o(.text)
    I2C2_ER_IRQHandler                       0x0800015f   Thumb Code     0  startup_stm32f10x_hd.o(.text)
    I2C2_EV_IRQHandler                       0x0800015f   Thumb Code     0  startup_stm32f10x_hd.o(.text)
    PVD_IRQHandler                           0x0800015f   Thumb Code     0  startup_stm32f10x_hd.o(.text)
    RCC_IRQHandler                           0x0800015f   Thumb Code     0  startup_stm32f10x_hd.o(.text)
    RTCAlarm_IRQHandler                      0x0800015f   Thumb Code     0  startup_stm32f10x_hd.o(.text)
    RTC_IRQHandler                           0x0800015f   Thumb Code     0  startup_stm32f10x_hd.o(.text)
    SDIO_IRQHandler                          0x0800015f   Thumb Code     0  startup_stm32f10x_hd.o(.text)
    SPI1_IRQHandler                          0x0800015f   Thumb Code     0  startup_stm32f10x_hd.o(.text)
    SPI2_IRQHandler                          0x0800015f   Thumb Code     0  startup_stm32f10x_hd.o(.text)
    SPI3_IRQHandler                          0x0800015f   Thumb Code     0  startup_stm32f10x_hd.o(.text)
    TAMPER_IRQHandler                        0x0800015f   Thumb Code     0  startup_stm32f10x_hd.o(.text)
    TIM1_BRK_IRQHandler                      0x0800015f   Thumb Code     0  startup_stm32f10x_hd.o(.text)
    TIM1_CC_IRQHandler                       0x0800015f   Thumb Code     0  startup_stm32f10x_hd.o(.text)
    TIM1_TRG_COM_IRQHandler                  0x0800015f   Thumb Code     0  startup_stm32f10x_hd.o(.text)
    TIM1_UP_IRQHandler                       0x0800015f   Thumb Code     0  startup_stm32f10x_hd.o(.text)
    TIM2_IRQHandler                          0x0800015f   Thumb Code     0  startup_stm32f10x_hd.o(.text)
    TIM3_IRQHandler                          0x0800015f   Thumb Code     0  startup_stm32f10x_hd.o(.text)
    TIM4_IRQHandler                          0x0800015f   Thumb Code     0  startup_stm32f10x_hd.o(.text)
    TIM5_IRQHandler                          0x0800015f   Thumb Code     0  startup_stm32f10x_hd.o(.text)
    TIM6_IRQHandler                          0x0800015f   Thumb Code     0  startup_stm32f10x_hd.o(.text)
    TIM8_BRK_IRQHandler                      0x0800015f   Thumb Code     0  startup_stm32f10x_hd.o(.text)
    TIM8_CC_IRQHandler                       0x0800015f   Thumb Code     0  startup_stm32f10x_hd.o(.text)
    TIM8_TRG_COM_IRQHandler                  0x0800015f   Thumb Code     0  startup_stm32f10x_hd.o(.text)
    TIM8_UP_IRQHandler                       0x0800015f   Thumb Code     0  startup_stm32f10x_hd.o(.text)
    UART4_IRQHandler                         0x0800015f   Thumb Code     0  startup_stm32f10x_hd.o(.text)
    UART5_IRQHandler                         0x0800015f   Thumb Code     0  startup_stm32f10x_hd.o(.text)
    USART1_IRQHandler                        0x0800015f   Thumb Code     0  startup_stm32f10x_hd.o(.text)
    USART2_IRQHandler                        0x0800015f   Thumb Code     0  startup_stm32f10x_hd.o(.text)
    USART3_IRQHandler                        0x0800015f   Thumb Code     0  startup_stm32f10x_hd.o(.text)
    USBWakeUp_IRQHandler                     0x0800015f   Thumb Code     0  startup_stm32f10x_hd.o(.text)
    USB_HP_CAN1_TX_IRQHandler                0x0800015f   Thumb Code     0  startup_stm32f10x_hd.o(.text)
    USB_LP_CAN1_RX0_IRQHandler               0x0800015f   Thumb Code     0  startup_stm32f10x_hd.o(.text)
    WWDG_IRQHandler                          0x0800015f   Thumb Code     0  startup_stm32f10x_hd.o(.text)
    OS_CPU_SR_Save                           0x08000169   Thumb Code     0  os_cpu_a.o(.text)
    OS_CPU_SR_Restore                        0x08000171   Thumb Code     0  os_cpu_a.o(.text)
    OSStartHighRdy                           0x08000177   Thumb Code     0  os_cpu_a.o(.text)
    OSCtxSw                                  0x08000199   Thumb Code     0  os_cpu_a.o(.text)
    OSIntCtxSw                               0x080001a7   Thumb Code     0  os_cpu_a.o(.text)
    PendSV_Handler                           0x080001b7   Thumb Code     0  os_cpu_a.o(.text)
    strcmp                                   0x0800021d   Thumb Code    28  strcmp.o(.text)
    __aeabi_uldivmod                         0x08000239   Thumb Code    98  uldiv.o(.text)
    __scatterload                            0x0800029d   Thumb Code    28  init.o(.text)
    __scatterload_rt2                        0x0800029d   Thumb Code     0  init.o(.text)
    __aeabi_llsl                             0x080002c1   Thumb Code    30  llshl.o(.text)
    _ll_shift_l                              0x080002c1   Thumb Code     0  llshl.o(.text)
    __aeabi_llsr                             0x080002df   Thumb Code    32  llushr.o(.text)
    _ll_ushift_r                             0x080002df   Thumb Code     0  llushr.o(.text)
    __decompress                             0x080002ff   Thumb Code     0  __dclz77c.o(.text)
    __decompress2                            0x080002ff   Thumb Code    94  __dclz77c.o(.text)
    BusFault_Handler                         0x0800035d   Thumb Code     4  stm32f10x_it.o(i.BusFault_Handler)
    Check_NRF                                0x08000361   Thumb Code    82  nrf.o(i.Check_NRF)
    DebugMon_Handler                         0x080003f1   Thumb Code     2  stm32f10x_it.o(i.DebugMon_Handler)
    EXTI15_10_IRQHandler                     0x080003f5   Thumb Code   200  stm32f10x_it.o(i.EXTI15_10_IRQHandler)
    EXTI_ClearITPendingBit                   0x080004d1   Thumb Code     6  stm32f10x_exti.o(i.EXTI_ClearITPendingBit)
    EXTI_GetITStatus                         0x080004dd   Thumb Code    34  stm32f10x_exti.o(i.EXTI_GetITStatus)
    EXTI_Init                                0x08000505   Thumb Code   142  stm32f10x_exti.o(i.EXTI_Init)
    Encode_Task                              0x080005cd   Thumb Code   140  main.o(i.Encode_Task)
    GPIO_EXTILineConfig                      0x08000681   Thumb Code    60  stm32f10x_gpio.o(i.GPIO_EXTILineConfig)
    GPIO_Init                                0x080006c1   Thumb Code   278  stm32f10x_gpio.o(i.GPIO_Init)
    GPIO_ReadInputDataBit                    0x080007d7   Thumb Code    18  stm32f10x_gpio.o(i.GPIO_ReadInputDataBit)
    GPIO_ResetBits                           0x080007e9   Thumb Code     4  stm32f10x_gpio.o(i.GPIO_ResetBits)
    GPIO_SetBits                             0x080007ed   Thumb Code     4  stm32f10x_gpio.o(i.GPIO_SetBits)
    HardFault_Handler                        0x080007f1   Thumb Code     4  stm32f10x_it.o(i.HardFault_Handler)
    Init_All                                 0x080007f5   Thumb Code    24  main.o(i.Init_All)
    KEY_Init                                 0x08000855   Thumb Code    16  bsp_key.o(i.KEY_Init)
    L01_ClearIRQ                             0x08000865   Thumb Code    44  nrf.o(i.L01_ClearIRQ)
    MemManage_Handler                        0x08000895   Thumb Code     4  stm32f10x_it.o(i.MemManage_Handler)
    NMI_Handler                              0x08000899   Thumb Code     2  stm32f10x_it.o(i.NMI_Handler)
    NRF_IO_Init                              0x0800089d   Thumb Code    58  nrf.o(i.NRF_IO_Init)
    NVIC_Init                                0x08000955   Thumb Code   100  misc.o(i.NVIC_Init)
    NVIC_PriorityGroupConfig                 0x080009c5   Thumb Code    10  misc.o(i.NVIC_PriorityGroupConfig)
    OLED_CLS                                 0x080009d9   Thumb Code    10  oled.o(i.OLED_CLS)
    OLED_DrawBMP                             0x080009e3   Thumb Code   116  oled.o(i.OLED_DrawBMP)
    OLED_Fill                                0x08000a57   Thumb Code    58  oled.o(i.OLED_Fill)
    OLED_Init                                0x08000a91   Thumb Code   236  oled.o(i.OLED_Init)
    OLED_SetPos                              0x08000b81   Thumb Code    40  oled.o(i.OLED_SetPos)
    OLED_ShowStr                             0x08000ba9   Thumb Code   228  oled.o(i.OLED_ShowStr)
    OSInit                                   0x08000c95   Thumb Code    44  os_core.o(i.OSInit)
    OSInitHookBegin                          0x08000cc1   Thumb Code     2  os_cpu_c.o(i.OSInitHookBegin)
    OSInitHookEnd                            0x08000cc3   Thumb Code     2  os_cpu_c.o(i.OSInitHookEnd)
    OSIntEnter                               0x08000cc5   Thumb Code    28  os_core.o(i.OSIntEnter)
    OSIntExit                                0x08000ce9   Thumb Code   112  os_core.o(i.OSIntExit)
    OSStart                                  0x08000d79   Thumb Code    48  os_core.o(i.OSStart)
    OSStatInit                               0x08000dc1   Thumb Code    62  os_core.o(i.OSStatInit)
    OSTCBInitHook                            0x08000e0d   Thumb Code     2  os_cpu_c.o(i.OSTCBInitHook)
    OSTaskCreate                             0x08000e11   Thumb Code   148  os_task.o(i.OSTaskCreate)
    OSTaskCreateExt                          0x08000eb1   Thumb Code   170  os_task.o(i.OSTaskCreateExt)
    OSTaskCreateHook                         0x08000f69   Thumb Code     2  os_cpu_c.o(i.OSTaskCreateHook)
    OSTaskDel                                0x08000f6d   Thumb Code   294  os_task.o(i.OSTaskDel)
    OSTaskDelHook                            0x080010c1   Thumb Code     2  os_cpu_c.o(i.OSTaskDelHook)
    OSTaskIdleHook                           0x080010c3   Thumb Code     2  os_cpu_c.o(i.OSTaskIdleHook)
    OSTaskNameSet                            0x080010c5   Thumb Code    98  os_task.o(i.OSTaskNameSet)
    OSTaskStatHook                           0x08001135   Thumb Code     2  os_cpu_c.o(i.OSTaskStatHook)
    OSTaskStkChk                             0x08001139   Thumb Code   132  os_task.o(i.OSTaskStkChk)
    OSTaskStkInit                            0x080011c5   Thumb Code   154  os_cpu_c.o(i.OSTaskStkInit)
    OSTaskSuspend                            0x08001261   Thumb Code   152  os_task.o(i.OSTaskSuspend)
    OSTaskSwHook                             0x08001309   Thumb Code     2  os_cpu_c.o(i.OSTaskSwHook)
    OSTimeDly                                0x0800130d   Thumb Code   100  os_time.o(i.OSTimeDly)
    OSTimeDlyHMSM                            0x08001385   Thumb Code    86  os_time.o(i.OSTimeDlyHMSM)
    OSTimeTick                               0x080013e5   Thumb Code   210  os_core.o(i.OSTimeTick)
    OSTimeTickHook                           0x080014d1   Thumb Code     2  os_cpu_c.o(i.OSTimeTickHook)
    OS_Dummy                                 0x080014d3   Thumb Code     2  os_core.o(i.OS_Dummy)
    OS_EventTaskRemove                       0x080014d5   Thumb Code    42  os_core.o(i.OS_EventTaskRemove)
    OS_FlagInit                              0x08001501   Thumb Code    74  os_flag.o(i.OS_FlagInit)
    OS_FlagUnlink                            0x08001559   Thumb Code    36  os_flag.o(i.OS_FlagUnlink)
    OS_MemClr                                0x08001789   Thumb Code    18  os_core.o(i.OS_MemClr)
    OS_QInit                                 0x0800179d   Thumb Code    72  os_q.o(i.OS_QInit)
    OS_Sched                                 0x080017ed   Thumb Code    88  os_core.o(i.OS_Sched)
    OS_TCBInit                               0x0800188d   Thumb Code   278  os_core.o(i.OS_TCBInit)
    OS_TaskIdle                              0x080019c1   Thumb Code    34  os_core.o(i.OS_TaskIdle)
    OS_TaskStat                              0x080019e9   Thumb Code   116  os_core.o(i.OS_TaskStat)
    OS_TaskStatStkChk                        0x08001a71   Thumb Code    54  os_core.o(i.OS_TaskStatStkChk)
    OS_TaskStkClr                            0x08001aad   Thumb Code    26  os_task.o(i.OS_TaskStkClr)
    RCC_APB1PeriphClockCmd                   0x08001ac9   Thumb Code    26  stm32f10x_rcc.o(i.RCC_APB1PeriphClockCmd)
    RCC_APB2PeriphClockCmd                   0x08001ae9   Thumb Code    26  stm32f10x_rcc.o(i.RCC_APB2PeriphClockCmd)
    RCC_GetClocksFreq                        0x08001b09   Thumb Code   192  stm32f10x_rcc.o(i.RCC_GetClocksFreq)
    RX_Mode_Config                           0x08001bdd   Thumb Code    86  nrf.o(i.RX_Mode_Config)
    SPI_Cmd                                  0x08001d81   Thumb Code    24  stm32f10x_spi.o(i.SPI_Cmd)
    SPI_I2S_GetFlagStatus                    0x08001d99   Thumb Code    18  stm32f10x_spi.o(i.SPI_I2S_GetFlagStatus)
    SPI_I2S_SendData                         0x08001dab   Thumb Code     4  stm32f10x_spi.o(i.SPI_I2S_SendData)
    SPI_Init                                 0x08001daf   Thumb Code    60  stm32f10x_spi.o(i.SPI_Init)
    SPI_Read                                 0x08001e81   Thumb Code    38  nrf.o(i.SPI_Read)
    SPI_Read_Buf                             0x08001ead   Thumb Code    60  nrf.o(i.SPI_Read_Buf)
    SPI_WR_Reg                               0x08001eed   Thumb Code    40  nrf.o(i.SPI_WR_Reg)
    SPI_Write_Buf                            0x08001f19   Thumb Code    60  nrf.o(i.SPI_Write_Buf)
    SVC_Handler                              0x08001f59   Thumb Code     2  stm32f10x_it.o(i.SVC_Handler)
    Speed_Calculate                          0x08002045   Thumb Code   186  bsp_tim_encode.o(i.Speed_Calculate)
    SysTick_CLKSourceConfig                  0x08002131   Thumb Code    40  misc.o(i.SysTick_CLKSourceConfig)
    SysTick_Handler                          0x08002159   Thumb Code    24  stm32f10x_it.o(i.SysTick_Handler)
    SystemInit                               0x08002175   Thumb Code    78  system_stm32f10x.o(i.SystemInit)
    Systick_initial                          0x080021d5   Thumb Code    96  systick.o(i.Systick_initial)
    TIM7_IRQHandler                          0x0800223d   Thumb Code    42  stm32f10x_it.o(i.TIM7_IRQHandler)
    TIM_ClearFlag                            0x08002271   Thumb Code     6  stm32f10x_tim.o(i.TIM_ClearFlag)
    TX_Mode_Config                           0x08002279   Thumb Code   118  nrf.o(i.TX_Mode_Config)
    TryMode_Change                           0x080022f9   Thumb Code   250  nrf.o(i.TryMode_Change)
    USART_Cmd                                0x0800242d   Thumb Code    24  stm32f10x_usart.o(i.USART_Cmd)
    USART_GetFlagStatus                      0x0800248d   Thumb Code    26  stm32f10x_usart.o(i.USART_GetFlagStatus)
    USART_Init                               0x080024e9   Thumb Code   210  stm32f10x_usart.o(i.USART_Init)
    USART_SendData                           0x080025c1   Thumb Code     8  stm32f10x_usart.o(i.USART_SendData)
    USART__Init                              0x080025c9   Thumb Code    12  bsp_usart.o(i.USART__Init)
    UsageFault_Handler                       0x080025d5   Thumb Code     4  stm32f10x_it.o(i.UsageFault_Handler)
    WriteCmd                                 0x080025d9   Thumb Code    14  bsp_spi.o(i.WriteCmd)
    WriteDat                                 0x080025e7   Thumb Code    14  bsp_spi.o(i.WriteDat)
    __0printf$5                              0x080025f5   Thumb Code    22  printf5.o(i.__0printf$5)
    __1printf$5                              0x080025f5   Thumb Code     0  printf5.o(i.__0printf$5)
    __2printf                                0x080025f5   Thumb Code     0  printf5.o(i.__0printf$5)
    __scatterload_copy                       0x08002615   Thumb Code    14  handlers.o(i.__scatterload_copy)
    __scatterload_null                       0x08002623   Thumb Code     2  handlers.o(i.__scatterload_null)
    __scatterload_zeroinit                   0x08002625   Thumb Code    14  handlers.o(i.__scatterload_zeroinit)
    fputc                                    0x080028f5   Thumb Code    32  bsp_usart.o(i.fputc)
    key1_task                                0x08002919   Thumb Code   206  main.o(i.key1_task)
    led0_task                                0x08002ad9   Thumb Code    42  main.o(i.led0_task)
    led1_task                                0x08002b09   Thumb Code    46  main.o(i.led1_task)
    main                                     0x08002b3d   Thumb Code    34  main.o(i.main)
    motorA_PWM_CTR                           0x08002b69   Thumb Code    16  bsp_tim_pwm.o(i.motorA_PWM_CTR)
    motorB_PWM_CTR                           0x08002b7d   Thumb Code    16  bsp_tim_pwm.o(i.motorB_PWM_CTR)
    start_task                               0x08002b91   Thumb Code    88  main.o(i.start_task)
    xSPI_Init                                0x08002c09   Thumb Code    20  bsp_spi.o(i.xSPI_Init)
    F6x8                                     0x08002c1c   Data         552  oled.o(.constdata)
    F8X16                                    0x08002e44   Data        1520  oled.o(.constdata)
    OSUnMapTbl                               0x08003434   Data         256  os_core.o(.constdata)
    Region$$Table$$Base                      0x08003534   Number         0  anon$$obj.o(Region$$Table)
    Region$$Table$$Limit                     0x08003554   Number         0  anon$$obj.o(Region$$Table)
    motorA_speed                             0x20000004   Data           4  bsp_tim_encode.o(.data)
    motorB_speed                             0x20000008   Data           4  bsp_tim_encode.o(.data)
    F16x16                                   0x20000014   Data         128  oled.o(.data)
    BMP1                                     0x20000094   Data        1024  oled.o(.data)
    BMP2                                     0x20000494   Data        1024  oled.o(.data)
    OSCtxSwCtr                               0x200008b0   Data           4  os_core.o(.data)
    OSEventFreeList                          0x200008b4   Data           4  os_core.o(.data)
    OSFlagFreeList                           0x200008b8   Data           4  os_core.o(.data)
    OSCPUUsage                               0x200008bc   Data           1  os_core.o(.data)
    OSIdleCtrMax                             0x200008c0   Data           4  os_core.o(.data)
    OSIdleCtrRun                             0x200008c4   Data           4  os_core.o(.data)
    OSStatRdy                                0x200008c8   Data           1  os_core.o(.data)
    OSIntNesting                             0x200008c9   Data           1  os_core.o(.data)
    OSLockNesting                            0x200008ca   Data           1  os_core.o(.data)
    OSPrioCur                                0x200008cb   Data           1  os_core.o(.data)
    OSPrioHighRdy                            0x200008cc   Data           1  os_core.o(.data)
    OSRdyGrp                                 0x200008cd   Data           1  os_core.o(.data)
    OSRdyTbl                                 0x200008ce   Data           8  os_core.o(.data)
    OSRunning                                0x200008d6   Data           1  os_core.o(.data)
    OSTaskCtr                                0x200008d7   Data           1  os_core.o(.data)
    OSIdleCtr                                0x200008d8   Data           4  os_core.o(.data)
    OSTCBCur                                 0x200008dc   Data           4  os_core.o(.data)
    OSTCBFreeList                            0x200008e0   Data           4  os_core.o(.data)
    OSTCBHighRdy                             0x200008e4   Data           4  os_core.o(.data)
    OSTCBList                                0x200008e8   Data           4  os_core.o(.data)
    OSTickStepState                          0x200008ec   Data           1  os_core.o(.data)
    OSQFreeList                              0x200008f0   Data           4  os_core.o(.data)
    OSTime                                   0x200008f4   Data           4  os_core.o(.data)
    __stdout                                 0x200008f8   Data           4  stdout.o(.data)
    START_TASK_STK                           0x200008fc   Data         512  main.o(.bss)
    LED0_TASK_STK                            0x20000afc   Data         512  main.o(.bss)
    LED1_TASK_STK                            0x20000cfc   Data         512  main.o(.bss)
    KEY1_TASK_STK                            0x20000efc   Data         512  main.o(.bss)
    ENCODE_TASK_STK                          0x200010fc   Data         512  main.o(.bss)
    OSEventTbl                               0x200012fc   Data         200  os_core.o(.bss)
    OSFlagTbl                                0x200013c4   Data          80  os_core.o(.bss)
    OSTaskStatStk                            0x20001414   Data         512  os_core.o(.bss)
    OSTaskIdleStk                            0x20001614   Data         512  os_core.o(.bss)
    OSTCBPrioTbl                             0x20001814   Data         256  os_core.o(.bss)
    OSTCBTbl                                 0x20001914   Data        1008  os_core.o(.bss)
    OSQTbl                                   0x20001d04   Data         120  os_core.o(.bss)
    __initial_sp                             0x20002580   Data           0  startup_stm32f10x_hd.o(STACK)



==============================================================================

Memory Map of the image

  Image Entry point : 0x08000131

  Load Region LR_IROM1 (Base: 0x08000000, Size: 0x00003e50, Max: 0x00080000, ABSOLUTE, COMPRESSED[0x00003a2c])

    Execution Region ER_IROM1 (Base: 0x08000000, Size: 0x00003554, Max: 0x00080000, ABSOLUTE)

    Base Addr    Size         Type   Attr      Idx    E Section Name        Object

    0x08000000   0x00000130   Data   RO            3    RESET               startup_stm32f10x_hd.o
    0x08000130   0x00000000   Code   RO         4441  * .ARM.Collect$$$$00000000  mc_w.l(entry.o)
    0x08000130   0x00000004   Code   RO         4707    .ARM.Collect$$$$00000001  mc_w.l(entry2.o)
    0x08000134   0x00000004   Code   RO         4710    .ARM.Collect$$$$00000004  mc_w.l(entry5.o)
    0x08000138   0x00000000   Code   RO         4712    .ARM.Collect$$$$00000008  mc_w.l(entry7b.o)
    0x08000138   0x00000000   Code   RO         4714    .ARM.Collect$$$$0000000A  mc_w.l(entry8b.o)
    0x08000138   0x00000008   Code   RO         4715    .ARM.Collect$$$$0000000B  mc_w.l(entry9a.o)
    0x08000140   0x00000000   Code   RO         4717    .ARM.Collect$$$$0000000D  mc_w.l(entry10a.o)
    0x08000140   0x00000000   Code   RO         4719    .ARM.Collect$$$$0000000F  mc_w.l(entry11a.o)
    0x08000140   0x00000004   Code   RO         4708    .ARM.Collect$$$$00002712  mc_w.l(entry2.o)
    0x08000144   0x00000024   Code   RO            4    .text               startup_stm32f10x_hd.o
    0x08000168   0x000000b4   Code   RO         4438    .text               os_cpu_a.o
    0x0800021c   0x0000001c   Code   RO         4444    .text               mc_w.l(strcmp.o)
    0x08000238   0x00000062   Code   RO         4724    .text               mc_w.l(uldiv.o)
    0x0800029a   0x00000002   PAD
    0x0800029c   0x00000024   Code   RO         4737    .text               mc_w.l(init.o)
    0x080002c0   0x0000001e   Code   RO         4739    .text               mc_w.l(llshl.o)
    0x080002de   0x00000020   Code   RO         4741    .text               mc_w.l(llushr.o)
    0x080002fe   0x0000005e   Code   RO         4755    .text               mc_w.l(__dclz77c.o)
    0x0800035c   0x00000004   Code   RO          173    i.BusFault_Handler  stm32f10x_it.o
    0x08000360   0x00000090   Code   RO          573    i.Check_NRF         nrf.o
    0x080003f0   0x00000002   Code   RO          174    i.DebugMon_Handler  stm32f10x_it.o
    0x080003f2   0x00000002   PAD
    0x080003f4   0x000000dc   Code   RO          175    i.EXTI15_10_IRQHandler  stm32f10x_it.o
    0x080004d0   0x0000000c   Code   RO         1586    i.EXTI_ClearITPendingBit  stm32f10x_exti.o
    0x080004dc   0x00000028   Code   RO         1590    i.EXTI_GetITStatus  stm32f10x_exti.o
    0x08000504   0x00000094   Code   RO         1591    i.EXTI_Init         stm32f10x_exti.o
    0x08000598   0x00000034   Code   RO          327    i.EXTI_KEY_Config   bsp_key.o
    0x080005cc   0x000000b4   Code   RO           24    i.Encode_Task       main.o
    0x08000680   0x00000040   Code   RO         1942    i.GPIO_EXTILineConfig  stm32f10x_gpio.o
    0x080006c0   0x00000116   Code   RO         1945    i.GPIO_Init         stm32f10x_gpio.o
    0x080007d6   0x00000012   Code   RO         1949    i.GPIO_ReadInputDataBit  stm32f10x_gpio.o
    0x080007e8   0x00000004   Code   RO         1952    i.GPIO_ResetBits    stm32f10x_gpio.o
    0x080007ec   0x00000004   Code   RO         1953    i.GPIO_SetBits      stm32f10x_gpio.o
    0x080007f0   0x00000004   Code   RO          176    i.HardFault_Handler  stm32f10x_it.o
    0x080007f4   0x00000018   Code   RO           25    i.Init_All          main.o
    0x0800080c   0x00000048   Code   RO          328    i.KEY_GPIO_Config   bsp_key.o
    0x08000854   0x00000010   Code   RO          329    i.KEY_Init          bsp_key.o
    0x08000864   0x00000030   Code   RO          574    i.L01_ClearIRQ      nrf.o
    0x08000894   0x00000004   Code   RO          177    i.MemManage_Handler  stm32f10x_it.o
    0x08000898   0x00000002   Code   RO          178    i.NMI_Handler       stm32f10x_it.o
    0x0800089a   0x00000002   PAD
    0x0800089c   0x00000044   Code   RO          580    i.NRF_IO_Init       nrf.o
    0x080008e0   0x00000048   Code   RO          521    i.NRF_IRQ_CE_GPIO_Config  bsp_spi.o
    0x08000928   0x0000002a   Code   RO          330    i.NVIC_EXTI_Config  bsp_key.o
    0x08000952   0x00000002   PAD
    0x08000954   0x00000070   Code   RO          764    i.NVIC_Init         misc.o
    0x080009c4   0x00000014   Code   RO          765    i.NVIC_PriorityGroupConfig  misc.o
    0x080009d8   0x0000000a   Code   RO          451    i.OLED_CLS          oled.o
    0x080009e2   0x00000074   Code   RO          452    i.OLED_DrawBMP      oled.o
    0x08000a56   0x0000003a   Code   RO          453    i.OLED_Fill         oled.o
    0x08000a90   0x000000f0   Code   RO          454    i.OLED_Init         oled.o
    0x08000b80   0x00000028   Code   RO          457    i.OLED_SetPos       oled.o
    0x08000ba8   0x000000ec   Code   RO          459    i.OLED_ShowStr      oled.o
    0x08000c94   0x0000002c   Code   RO         3728    i.OSInit            os_core.o
    0x08000cc0   0x00000002   Code   RO         4356    i.OSInitHookBegin   os_cpu_c.o
    0x08000cc2   0x00000002   Code   RO         4357    i.OSInitHookEnd     os_cpu_c.o
    0x08000cc4   0x00000024   Code   RO         3729    i.OSIntEnter        os_core.o
    0x08000ce8   0x00000090   Code   RO         3730    i.OSIntExit         os_core.o
    0x08000d78   0x00000048   Code   RO         3733    i.OSStart           os_core.o
    0x08000dc0   0x0000004c   Code   RO         3734    i.OSStatInit        os_core.o
    0x08000e0c   0x00000002   Code   RO         4358    i.OSTCBInitHook     os_cpu_c.o
    0x08000e0e   0x00000002   PAD
    0x08000e10   0x000000a0   Code   RO         4225    i.OSTaskCreate      os_task.o
    0x08000eb0   0x000000b8   Code   RO         4226    i.OSTaskCreateExt   os_task.o
    0x08000f68   0x00000002   Code   RO         4359    i.OSTaskCreateHook  os_cpu_c.o
    0x08000f6a   0x00000002   PAD
    0x08000f6c   0x00000154   Code   RO         4227    i.OSTaskDel         os_task.o
    0x080010c0   0x00000002   Code   RO         4360    i.OSTaskDelHook     os_cpu_c.o
    0x080010c2   0x00000002   Code   RO         4361    i.OSTaskIdleHook    os_cpu_c.o
    0x080010c4   0x00000070   Code   RO         4230    i.OSTaskNameSet     os_task.o
    0x08001134   0x00000002   Code   RO         4363    i.OSTaskStatHook    os_cpu_c.o
    0x08001136   0x00000002   PAD
    0x08001138   0x0000008c   Code   RO         4235    i.OSTaskStkChk      os_task.o
    0x080011c4   0x0000009a   Code   RO         4364    i.OSTaskStkInit     os_cpu_c.o
    0x0800125e   0x00000002   PAD
    0x08001260   0x000000a8   Code   RO         4236    i.OSTaskSuspend     os_task.o
    0x08001308   0x00000002   Code   RO         4365    i.OSTaskSwHook      os_cpu_c.o
    0x0800130a   0x00000002   PAD
    0x0800130c   0x00000078   Code   RO         4320    i.OSTimeDly         os_time.o
    0x08001384   0x00000060   Code   RO         4321    i.OSTimeDlyHMSM     os_time.o
    0x080013e4   0x000000ec   Code   RO         3735    i.OSTimeTick        os_core.o
    0x080014d0   0x00000002   Code   RO         4366    i.OSTimeTickHook    os_cpu_c.o
    0x080014d2   0x00000002   Code   RO         3737    i.OS_Dummy          os_core.o
    0x080014d4   0x0000002a   Code   RO         3739    i.OS_EventTaskRemove  os_core.o
    0x080014fe   0x00000002   PAD
    0x08001500   0x00000058   Code   RO         3919    i.OS_FlagInit       os_flag.o
    0x08001558   0x00000024   Code   RO         3921    i.OS_FlagUnlink     os_flag.o
    0x0800157c   0x00000054   Code   RO         3742    i.OS_InitEventList  os_core.o
    0x080015d0   0x00000054   Code   RO         3743    i.OS_InitMisc       os_core.o
    0x08001624   0x00000044   Code   RO         3744    i.OS_InitRdyList    os_core.o
    0x08001668   0x00000080   Code   RO         3745    i.OS_InitTCBList    os_core.o
    0x080016e8   0x00000050   Code   RO         3746    i.OS_InitTaskIdle   os_core.o
    0x08001738   0x00000050   Code   RO         3747    i.OS_InitTaskStat   os_core.o
    0x08001788   0x00000012   Code   RO         3748    i.OS_MemClr         os_core.o
    0x0800179a   0x00000002   PAD
    0x0800179c   0x00000050   Code   RO         4108    i.OS_QInit          os_q.o
    0x080017ec   0x00000074   Code   RO         3750    i.OS_Sched          os_core.o
    0x08001860   0x0000002c   Code   RO         3751    i.OS_SchedNew       os_core.o
    0x0800188c   0x00000134   Code   RO         3753    i.OS_TCBInit        os_core.o
    0x080019c0   0x00000028   Code   RO         3754    i.OS_TaskIdle       os_core.o
    0x080019e8   0x00000088   Code   RO         3755    i.OS_TaskStat       os_core.o
    0x08001a70   0x0000003c   Code   RO         3756    i.OS_TaskStatStkChk  os_core.o
    0x08001aac   0x0000001a   Code   RO         4238    i.OS_TaskStkClr     os_task.o
    0x08001ac6   0x00000002   PAD
    0x08001ac8   0x00000020   Code   RO         2370    i.RCC_APB1PeriphClockCmd  stm32f10x_rcc.o
    0x08001ae8   0x00000020   Code   RO         2372    i.RCC_APB2PeriphClockCmd  stm32f10x_rcc.o
    0x08001b08   0x000000d4   Code   RO         2380    i.RCC_GetClocksFreq  stm32f10x_rcc.o
    0x08001bdc   0x00000060   Code   RO          583    i.RX_Mode_Config    nrf.o
    0x08001c3c   0x00000064   Code   RO          522    i.SPI1_GPIO_Config  bsp_spi.o
    0x08001ca0   0x00000084   Code   RO          523    i.SPI2_GPIO_Config  bsp_spi.o
    0x08001d24   0x0000005c   Code   RO          524    i.SPI2_Periphral_Config  bsp_spi.o
    0x08001d80   0x00000018   Code   RO         2855    i.SPI_Cmd           stm32f10x_spi.o
    0x08001d98   0x00000012   Code   RO         2863    i.SPI_I2S_GetFlagStatus  stm32f10x_spi.o
    0x08001daa   0x00000004   Code   RO         2867    i.SPI_I2S_SendData  stm32f10x_spi.o
    0x08001dae   0x0000003c   Code   RO         2868    i.SPI_Init          stm32f10x_spi.o
    0x08001dea   0x00000002   PAD
    0x08001dec   0x00000044   Code   RO          525    i.SPI_OLED_WriteByte  bsp_spi.o
    0x08001e30   0x00000050   Code   RO          584    i.SPI_RW            nrf.o
    0x08001e80   0x0000002c   Code   RO          585    i.SPI_Read          nrf.o
    0x08001eac   0x00000040   Code   RO          586    i.SPI_Read_Buf      nrf.o
    0x08001eec   0x0000002c   Code   RO          587    i.SPI_WR_Reg        nrf.o
    0x08001f18   0x00000040   Code   RO          588    i.SPI_Write_Buf     nrf.o
    0x08001f58   0x00000002   Code   RO          179    i.SVC_Handler       stm32f10x_it.o
    0x08001f5a   0x00000008   Code   RO          243    i.SetSysClock       system_stm32f10x.o
    0x08001f62   0x00000002   PAD
    0x08001f64   0x000000e0   Code   RO          244    i.SetSysClockTo72   system_stm32f10x.o
    0x08002044   0x000000ec   Code   RO          405    i.Speed_Calculate   bsp_tim_encode.o
    0x08002130   0x00000028   Code   RO          768    i.SysTick_CLKSourceConfig  misc.o
    0x08002158   0x0000001c   Code   RO          180    i.SysTick_Handler   stm32f10x_it.o
    0x08002174   0x00000060   Code   RO          246    i.SystemInit        system_stm32f10x.o
    0x080021d4   0x00000068   Code   RO          691    i.Systick_initial   systick.o
    0x0800223c   0x00000034   Code   RO          181    i.TIM7_IRQHandler   stm32f10x_it.o
    0x08002270   0x00000006   Code   RO         3004    i.TIM_ClearFlag     stm32f10x_tim.o
    0x08002276   0x00000002   PAD
    0x08002278   0x00000080   Code   RO          589    i.TX_Mode_Config    nrf.o
    0x080022f8   0x00000134   Code   RO          590    i.TryMode_Change    nrf.o
    0x0800242c   0x00000018   Code   RO         3546    i.USART_Cmd         stm32f10x_usart.o
    0x08002444   0x00000048   Code   RO          289    i.USART_GPIO_Config  bsp_usart.o
    0x0800248c   0x0000001a   Code   RO         3549    i.USART_GetFlagStatus  stm32f10x_usart.o
    0x080024a6   0x00000002   PAD
    0x080024a8   0x00000040   Code   RO          290    i.USART_Hardware_Config  bsp_usart.o
    0x080024e8   0x000000d8   Code   RO         3553    i.USART_Init        stm32f10x_usart.o
    0x080025c0   0x00000008   Code   RO         3563    i.USART_SendData    stm32f10x_usart.o
    0x080025c8   0x0000000c   Code   RO          291    i.USART__Init       bsp_usart.o
    0x080025d4   0x00000004   Code   RO          182    i.UsageFault_Handler  stm32f10x_it.o
    0x080025d8   0x0000000e   Code   RO          526    i.WriteCmd          bsp_spi.o
    0x080025e6   0x0000000e   Code   RO          527    i.WriteDat          bsp_spi.o
    0x080025f4   0x00000020   Code   RO         4579    i.__0printf$5       mc_w.l(printf5.o)
    0x08002614   0x0000000e   Code   RO         4749    i.__scatterload_copy  mc_w.l(handlers.o)
    0x08002622   0x00000002   Code   RO         4750    i.__scatterload_null  mc_w.l(handlers.o)
    0x08002624   0x0000000e   Code   RO         4751    i.__scatterload_zeroinit  mc_w.l(handlers.o)
    0x08002632   0x00000002   PAD
    0x08002634   0x000002c0   Code   RO         4586    i._printf_core      mc_w.l(printf5.o)
    0x080028f4   0x00000024   Code   RO          293    i.fputc             bsp_usart.o
    0x08002918   0x000001c0   Code   RO           26    i.key1_task         main.o
    0x08002ad8   0x00000030   Code   RO           27    i.led0_task         main.o
    0x08002b08   0x00000034   Code   RO           28    i.led1_task         main.o
    0x08002b3c   0x0000002c   Code   RO           29    i.main              main.o
    0x08002b68   0x00000014   Code   RO          374    i.motorA_PWM_CTR    bsp_tim_pwm.o
    0x08002b7c   0x00000014   Code   RO          375    i.motorB_PWM_CTR    bsp_tim_pwm.o
    0x08002b90   0x00000078   Code   RO           30    i.start_task        main.o
    0x08002c08   0x00000014   Code   RO          528    i.xSPI_Init         bsp_spi.o
    0x08002c1c   0x00000818   Data   RO          460    .constdata          oled.o
    0x08003434   0x00000100   Data   RO         3758    .constdata          os_core.o
    0x08003534   0x00000020   Data   RO         4747    Region$$Table       anon$$obj.o


    Execution Region RW_IRAM1 (Base: 0x20000000, Size: 0x00002580, Max: 0x00010000, ABSOLUTE, COMPRESSED[0x000004d8])

    Base Addr    Size         Type   Attr      Idx    E Section Name        Object

    0x20000000   0x00000004   Data   RW          183    .data               stm32f10x_it.o
    0x20000004   0x00000010   Data   RW          412    .data               bsp_tim_encode.o
    0x20000014   0x00000880   Data   RW          461    .data               oled.o
    0x20000894   0x00000005   Data   RW          591    .data               nrf.o
    0x20000899   0x00000014   Data   RW         2400    .data               stm32f10x_rcc.o
    0x200008ad   0x00000003   PAD
    0x200008b0   0x00000048   Data   RW         3759    .data               os_core.o
    0x200008f8   0x00000004   Data   RW         4721    .data               mc_w.l(stdout.o)
    0x200008fc   0x00000a00   Zero   RW           31    .bss                main.o
    0x200012fc   0x00000a80   Zero   RW         3757    .bss                os_core.o
    0x20001d7c   0x00000004   PAD
    0x20001d80   0x00000800   Zero   RW            1    STACK               startup_stm32f10x_hd.o


==============================================================================

Image component sizes


      Code (inc. data)   RO Data    RW Data    ZI Data      Debug   Object Name

       182          6          0          0          0       1811   bsp_key.o
       512         34          0          0          0       3998   bsp_spi.o
       236         50          0         16          0        990   bsp_tim_encode.o
        40          8          0          0          0        962   bsp_tim_pwm.o
       184         14          0          0          0       3230   bsp_usart.o
         0          0          0          0          0       4540   core_cm3.o
       916        336          0          0       2560     271586   main.o
       172         22          0          0          0       1965   misc.o
      1088        178          0          5          0       8051   nrf.o
       700         12       2072       2176          0       4457   oled.o
      1898        368        256         72       2688      19362   os_core.o
       180         36          0          0          0        320   os_cpu_a.o
       172          0          0          0          0      13115   os_cpu_c.o
       124         14          0          0          0       1174   os_flag.o
        80          8          0          0          0        551   os_q.o
      1130        110          0          0          0       6220   os_task.o
       216         30          0          0          0       1372   os_time.o
        36          8        304          0       2048        812   startup_stm32f10x_hd.o
       200         18          0          0          0       2012   stm32f10x_exti.o
       368          4          0          0          0       4138   stm32f10x_gpio.o
       322         34          0          4          0       4494   stm32f10x_it.o
       276         32          0         20          0       4326   stm32f10x_rcc.o
       106          0          0          0          0       3172   stm32f10x_spi.o
         6          0          0          0          0       1008   stm32f10x_tim.o
       274          6          0          0          0       3896   stm32f10x_usart.o
       328         28          0          0          0       1829   system_stm32f10x.o
       104          8          0          0          0      15813   systick.o

    ----------------------------------------------------------------------
      9880       1364       2664       2296       7300     385204   Object Totals
         0          0         32          0          0          0   (incl. Generated)
        30          0          0          3          4          0   (incl. Padding)

    ----------------------------------------------------------------------

      Code (inc. data)   RO Data    RW Data    ZI Data      Debug   Library Member Name

        94          0          0          0          0          0   __dclz77c.o
         0          0          0          0          0          0   entry.o
         0          0          0          0          0          0   entry10a.o
         0          0          0          0          0          0   entry11a.o
         8          4          0          0          0          0   entry2.o
         4          0          0          0          0          0   entry5.o
         0          0          0          0          0          0   entry7b.o
         0          0          0          0          0          0   entry8b.o
         8          4          0          0          0          0   entry9a.o
        30          0          0          0          0          0   handlers.o
        36          8          0          0          0         68   init.o
        30          0          0          0          0         68   llshl.o
        32          0          0          0          0         68   llushr.o
       736         56          0          0          0        184   printf5.o
         0          0          0          4          0          0   stdout.o
        28          0          0          0          0         76   strcmp.o
        98          0          0          0          0         92   uldiv.o

    ----------------------------------------------------------------------
      1108         72          0          4          0        556   Library Totals
         4          0          0          0          0          0   (incl. Padding)

    ----------------------------------------------------------------------

      Code (inc. data)   RO Data    RW Data    ZI Data      Debug   Library Name

      1104         72          0          4          0        556   mc_w.l

    ----------------------------------------------------------------------
      1108         72          0          4          0        556   Library Totals

    ----------------------------------------------------------------------

==============================================================================


      Code (inc. data)   RO Data    RW Data    ZI Data      Debug   

     10988       1436       2664       2300       7300     379596   Grand Totals
     10988       1436       2664       1240       7300     379596   ELF Image Totals (compressed)
     10988       1436       2664       1240          0          0   ROM Totals

==============================================================================

    Total RO  Size (Code + RO Data)                13652 (  13.33kB)
    Total RW  Size (RW Data + ZI Data)              9600 (   9.38kB)
    Total ROM Size (Code + RO Data + RW Data)      14892 (  14.54kB)

==============================================================================

